Copyright 1986-2022 Xilinx, Inc. All Rights Reserved. Copyright 2022-2024 Advanced Micro Devices, Inc. All Rights Reserved.
---------------------------------------------------------------------------------------------------------------------------------------------
| Tool Version : Vivado v.2024.1 (win64) Build 5076996 Wed May 22 18:37:14 MDT 2024
| Date         : Mon Aug 10 20:12:55 2026
| Host         : AlessandraYOGA running 64-bit major release  (build 9200)
| Command      : report_timing_summary -file reports_v5_bp/kecc_aes_k_axi_synth_top.timing_summary.rpt
| Design       : kecc_aes_k_axi_synth_top
| Device       : 7a100t-ftg256
| Speed File   : -2  PRODUCTION 1.23 2018-06-13
| Design State : Fully Placed
---------------------------------------------------------------------------------------------------------------------------------------------

Timing Summary Report

------------------------------------------------------------------------------------------------
| Timer Settings
| --------------
------------------------------------------------------------------------------------------------

  Enable Multi Corner Analysis               :  Yes
  Enable Pessimism Removal                   :  Yes
  Pessimism Removal Resolution               :  Nearest Common Node
  Enable Input Delay Default Clock           :  No
  Enable Preset / Clear Arcs                 :  No
  Disable Flight Delays                      :  No
  Ignore I/O Paths                           :  No
  Timing Early Launch at Borrowing Latches   :  No
  Borrow Time for Max Delay Exceptions       :  Yes
  Merge Timing Exceptions                    :  Yes
  Inter-SLR Compensation                     :  Conservative

  Corner  Analyze    Analyze    
  Name    Max Paths  Min Paths  
  ------  ---------  ---------  
  Slow    Yes        Yes        
  Fast    Yes        Yes        


------------------------------------------------------------------------------------------------
| Report Methodology
| ------------------
------------------------------------------------------------------------------------------------

No report available as report_methodology has not been run prior. Run report_methodology on the current design for the summary of methodology violations.



check_timing report

Table of Contents
-----------------
1. checking no_clock (0)
2. checking constant_clock (0)
3. checking pulse_width_clock (0)
4. checking unconstrained_internal_endpoints (0)
5. checking no_input_delay (133)
6. checking no_output_delay (83)
7. checking multiple_clock (0)
8. checking generated_clocks (0)
9. checking loops (0)
10. checking partial_input_delay (0)
11. checking partial_output_delay (0)
12. checking latch_loops (0)

1. checking no_clock (0)
------------------------
 There are 0 register/latch pins with no clock.


2. checking constant_clock (0)
------------------------------
 There are 0 register/latch pins with constant_clock.


3. checking pulse_width_clock (0)
---------------------------------
 There are 0 register/latch pins which need pulse_width check


4. checking unconstrained_internal_endpoints (0)
------------------------------------------------
 There are 0 pins that are not constrained for maximum delay.

 There are 0 pins that are not constrained for maximum delay due to constant clock.


5. checking no_input_delay (133)
--------------------------------
 There are 133 input ports with no input delay specified. (HIGH)

 There are 0 input ports with no input delay but user has a false path constraint.


6. checking no_output_delay (83)
--------------------------------
 There are 83 ports with no output delay specified. (HIGH)

 There are 0 ports with no output delay but user has a false path constraint

 There are 0 ports with no output delay but with a timing clock defined on it or propagating through it


7. checking multiple_clock (0)
------------------------------
 There are 0 register/latch pins with multiple clocks.


8. checking generated_clocks (0)
--------------------------------
 There are 0 generated clocks that are not connected to a clock source.


9. checking loops (0)
---------------------
 There are 0 combinational loops in the design.


10. checking partial_input_delay (0)
------------------------------------
 There are 0 input ports with partial input delay specified.


11. checking partial_output_delay (0)
-------------------------------------
 There are 0 ports with partial output delay specified.


12. checking latch_loops (0)
----------------------------
 There are 0 combinational latch loops in the design through latch input



------------------------------------------------------------------------------------------------
| Design Timing Summary
| ---------------------
------------------------------------------------------------------------------------------------

    WNS(ns)      TNS(ns)  TNS Failing Endpoints  TNS Total Endpoints      WHS(ns)      THS(ns)  THS Failing Endpoints  THS Total Endpoints     WPWS(ns)     TPWS(ns)  TPWS Failing Endpoints  TPWS Total Endpoints  
    -------      -------  ---------------------  -------------------      -------      -------  ---------------------  -------------------     --------     --------  ----------------------  --------------------  
     -0.851     -610.584                   1887                 6249        0.212        0.000                      0                 6249        4.500        0.000                       0                  3369  


Timing constraints are not met.


------------------------------------------------------------------------------------------------
| Clock Summary
| -------------
------------------------------------------------------------------------------------------------

Clock  Waveform(ns)       Period(ns)      Frequency(MHz)
-----  ------------       ----------      --------------
clk_i  {0.000 5.000}      10.000          100.000         


------------------------------------------------------------------------------------------------
| Intra Clock Table
| -----------------
------------------------------------------------------------------------------------------------

Clock             WNS(ns)      TNS(ns)  TNS Failing Endpoints  TNS Total Endpoints      WHS(ns)      THS(ns)  THS Failing Endpoints  THS Total Endpoints     WPWS(ns)     TPWS(ns)  TPWS Failing Endpoints  TPWS Total Endpoints  
-----             -------      -------  ---------------------  -------------------      -------      -------  ---------------------  -------------------     --------     --------  ----------------------  --------------------  
clk_i              -0.851     -610.584                   1887                 6236        0.212        0.000                      0                 6236        4.500        0.000                       0                  3369  


------------------------------------------------------------------------------------------------
| Inter Clock Table
| -----------------
------------------------------------------------------------------------------------------------

From Clock    To Clock          WNS(ns)      TNS(ns)  TNS Failing Endpoints  TNS Total Endpoints      WHS(ns)      THS(ns)  THS Failing Endpoints  THS Total Endpoints  
----------    --------          -------      -------  ---------------------  -------------------      -------      -------  ---------------------  -------------------  


------------------------------------------------------------------------------------------------
| Other Path Groups Table
| -----------------------
------------------------------------------------------------------------------------------------

Path Group         From Clock         To Clock               WNS(ns)      TNS(ns)  TNS Failing Endpoints  TNS Total Endpoints      WHS(ns)      THS(ns)  THS Failing Endpoints  THS Total Endpoints  
----------         ----------         --------               -------      -------  ---------------------  -------------------      -------      -------  ---------------------  -------------------  
**async_default**  clk_i              clk_i                    7.576        0.000                      0                   13        0.990        0.000                      0                   13  


------------------------------------------------------------------------------------------------
| Timing Details
| --------------
------------------------------------------------------------------------------------------------


---------------------------------------------------------------------------------------------------
From Clock:  clk_i
  To Clock:  clk_i

Setup :         1887  Failing Endpoints,  Worst Slack       -0.851ns,  Total Violation     -610.584ns
Hold  :            0  Failing Endpoints,  Worst Slack        0.212ns,  Total Violation        0.000ns
PW    :            0  Failing Endpoints,  Worst Slack        4.500ns,  Total Violation        0.000ns
---------------------------------------------------------------------------------------------------


Max Delay Paths
--------------------------------------------------------------------------------------
Slack (VIOLATED) :        -0.851ns  (required time - arrival time)
  Source:                 i_kecc_aes_k_axi_top/i_axi2reg/i_axi_to_axi_lite/i_axi_burst_splitter/i_demux_supported_vs_unsupported/gen_demux.gen_aw_id_counter.i_aw_id_counter/gen_counters[30].mst_select_q_reg[30][0]/C
                            (rising edge-triggered cell FDCE clocked by clk_i  {rise@0.000ns fall@5.000ns period=10.000ns})
  Destination:            i_kecc_aes_k_axi_top/i_axi2reg/i_axi_lite_to_reg/i_fifo_read_resp/mem_q_reg[1][data][28]/D
                            (rising edge-triggered cell FDCE clocked by clk_i  {rise@0.000ns fall@5.000ns period=10.000ns})
  Path Group:             clk_i
  Path Type:              Setup (Max at Slow Process Corner)
  Requirement:            10.000ns  (clk_i rise@10.000ns - clk_i rise@0.000ns)
  Data Path Delay:        10.704ns  (logic 2.716ns (25.374%)  route 7.988ns (74.626%))
  Logic Levels:           18  (LUT2=1 LUT3=2 LUT4=1 LUT5=2 LUT6=10 MUXF7=1 MUXF8=1)
  Clock Path Skew:        -0.039ns (DCD - SCD + CPR)
    Destination Clock Delay (DCD):    0.748ns = ( 10.748 - 10.000 ) 
    Source Clock Delay      (SCD):    0.787ns
    Clock Pessimism Removal (CPR):    0.000ns
  Clock Uncertainty:      0.035ns  ((TSJ^2 + TIJ^2)^1/2 + DJ) / 2 + PE
    Total System Jitter     (TSJ):    0.071ns
    Total Input Jitter      (TIJ):    0.000ns
    Discrete Jitter          (DJ):    0.000ns
    Phase Error              (PE):    0.000ns

    Location             Delay type                Incr(ns)  Path(ns)    Netlist Resource(s)
  -------------------------------------------------------------------    -------------------
                         (clock clk_i rise edge)      0.000     0.000 r  
                                                      0.000     0.000 r  clk_i (IN)
                         net (fo=3368, unset)         0.787     0.787    i_kecc_aes_k_axi_top/i_axi2reg/i_axi_to_axi_lite/i_axi_burst_splitter/i_demux_supported_vs_unsupported/gen_demux.gen_aw_id_counter.i_aw_id_counter/clk_i
    SLICE_X34Y95         FDCE                                         r  i_kecc_aes_k_axi_top/i_axi2reg/i_axi_to_axi_lite/i_axi_burst_splitter/i_demux_supported_vs_unsupported/gen_demux.gen_aw_id_counter.i_aw_id_counter/gen_counters[30].mst_select_q_reg[30][0]/C
  -------------------------------------------------------------------    -------------------
    SLICE_X34Y95         FDCE (Prop_fdce_C_Q)         0.433     1.220 r  i_kecc_aes_k_axi_top/i_axi2reg/i_axi_to_axi_lite/i_axi_burst_splitter/i_demux_supported_vs_unsupported/gen_demux.gen_aw_id_counter.i_aw_id_counter/gen_counters[30].mst_select_q_reg[30][0]/Q
                         net (fo=2, estimated)        0.773     1.993    i_kecc_aes_k_axi_top/i_axi2reg/i_axi_to_axi_lite/i_axi_burst_splitter/i_demux_supported_vs_unsupported/gen_demux.gen_aw_id_counter.i_aw_id_counter/gen_counters[30].mst_select_q_reg[30]_1
    SLICE_X36Y94         LUT6 (Prop_lut6_I1_O)        0.105     2.098 r  i_kecc_aes_k_axi_top/i_axi2reg/i_axi_to_axi_lite/i_axi_burst_splitter/i_demux_supported_vs_unsupported/gen_demux.gen_aw_id_counter.i_aw_id_counter/axi_rsp_o[aw_ready]_INST_0_i_42/O
                         net (fo=1, routed)           0.000     2.098    i_kecc_aes_k_axi_top/i_axi2reg/i_axi_to_axi_lite/i_axi_burst_splitter/i_demux_supported_vs_unsupported/gen_demux.gen_aw_id_counter.i_aw_id_counter/axi_rsp_o[aw_ready]_INST_0_i_42_n_0
    SLICE_X36Y94         MUXF7 (Prop_muxf7_I1_O)      0.182     2.280 r  i_kecc_aes_k_axi_top/i_axi2reg/i_axi_to_axi_lite/i_axi_burst_splitter/i_demux_supported_vs_unsupported/gen_demux.gen_aw_id_counter.i_aw_id_counter/axi_rsp_o[aw_ready]_INST_0_i_32/O
                         net (fo=1, routed)           0.000     2.280    i_kecc_aes_k_axi_top/i_axi2reg/i_axi_to_axi_lite/i_axi_burst_splitter/i_demux_supported_vs_unsupported/gen_demux.gen_aw_id_counter.i_aw_id_counter/axi_rsp_o[aw_ready]_INST_0_i_32_n_0
    SLICE_X36Y94         MUXF8 (Prop_muxf8_I1_O)      0.079     2.359 r  i_kecc_aes_k_axi_top/i_axi2reg/i_axi_to_axi_lite/i_axi_burst_splitter/i_demux_supported_vs_unsupported/gen_demux.gen_aw_id_counter.i_aw_id_counter/axi_rsp_o[aw_ready]_INST_0_i_21/O
                         net (fo=1, estimated)        0.683     3.042    i_kecc_aes_k_axi_top/i_axi2reg/i_axi_to_axi_lite/i_axi_burst_splitter/i_demux_supported_vs_unsupported/gen_demux.gen_aw_id_counter.i_aw_id_counter/gen_counters[3].i_in_flight_cnt/axi_rsp_o[aw_ready]_INST_0_i_6
    SLICE_X34Y95         LUT6 (Prop_lut6_I1_O)        0.264     3.306 r  i_kecc_aes_k_axi_top/i_axi2reg/i_axi_to_axi_lite/i_axi_burst_splitter/i_demux_supported_vs_unsupported/gen_demux.gen_aw_id_counter.i_aw_id_counter/gen_counters[3].i_in_flight_cnt/axi_rsp_o[aw_ready]_INST_0_i_12/O
                         net (fo=2, estimated)        0.247     3.553    i_kecc_aes_k_axi_top/i_axi2reg/i_axi_to_axi_lite/i_axi_burst_splitter/i_demux_supported_vs_unsupported/gen_demux.gen_aw_id_counter.i_aw_id_counter/gen_counters[3].i_in_flight_cnt/axi_req_i[aw][id]_4_sn_1
    SLICE_X36Y95         LUT6 (Prop_lut6_I1_O)        0.105     3.658 r  i_kecc_aes_k_axi_top/i_axi2reg/i_axi_to_axi_lite/i_axi_burst_splitter/i_demux_supported_vs_unsupported/gen_demux.gen_aw_id_counter.i_aw_id_counter/gen_counters[3].i_in_flight_cnt/status_cnt_q[1]_i_2__3/O
                         net (fo=41, estimated)       0.331     3.989    i_kecc_aes_k_axi_top/i_axi2reg/i_axi_to_axi_lite/i_axi_burst_splitter/i_demux_supported_vs_unsupported/gen_demux.i_w_fifo/status_cnt_q_reg[1]_0
    SLICE_X38Y95         LUT6 (Prop_lut6_I4_O)        0.105     4.094 r  i_kecc_aes_k_axi_top/i_axi2reg/i_axi_to_axi_lite/i_axi_burst_splitter/i_demux_supported_vs_unsupported/gen_demux.i_w_fifo/axi_rsp_o[w_ready]_INST_0_i_6/O
                         net (fo=3, estimated)        0.350     4.444    i_kecc_aes_k_axi_top/i_axi2reg/i_axi_to_axi_lite/i_axi_burst_splitter/i_demux_supported_vs_unsupported/gen_demux.i_w_fifo/axi_rsp_o[w_ready]_INST_0_i_6_n_0
    SLICE_X40Y96         LUT6 (Prop_lut6_I0_O)        0.105     4.549 f  i_kecc_aes_k_axi_top/i_axi2reg/i_axi_to_axi_lite/i_axi_burst_splitter/i_demux_supported_vs_unsupported/gen_demux.i_w_fifo/q[63]_i_27/O
                         net (fo=15, estimated)       0.290     4.839    i_kecc_aes_k_axi_top/i_axi2reg/i_axi_lite_to_reg/i_fifo_write_req/q_reg[0]
    SLICE_X43Y96         LUT5 (Prop_lut5_I0_O)        0.105     4.944 f  i_kecc_aes_k_axi_top/i_axi2reg/i_axi_lite_to_reg/i_fifo_write_req/gen_arbiter.gen_int_rr.rr_q[0]_i_2__0/O
                         net (fo=4, estimated)        0.259     5.203    i_kecc_aes_k_axi_top/i_axi2reg/i_axi_lite_to_reg/i_fifo_read/mem_q_reg[0][error]__0_1
    SLICE_X45Y97         LUT6 (Prop_lut6_I1_O)        0.105     5.308 r  i_kecc_aes_k_axi_top/i_axi2reg/i_axi_lite_to_reg/i_fifo_read/status_cnt_q[1]_i_2__0/O
                         net (fo=43, estimated)       0.404     5.712    i_kecc_aes_k_axi_top/i_axi2reg/i_axi_lite_to_reg/i_fifo_read/write_ready
    SLICE_X45Y99         LUT5 (Prop_lut5_I3_O)        0.105     5.817 r  i_kecc_aes_k_axi_top/i_axi2reg/i_axi_lite_to_reg/i_fifo_read/q[63]_i_16/O
                         net (fo=1, estimated)        0.257     6.074    i_kecc_aes_k_axi_top/i_axi2reg/i_axi_lite_to_reg/i_fifo_read/reg_req_i[addr][0]
    SLICE_X46Y100        LUT6 (Prop_lut6_I5_O)        0.105     6.179 r  i_kecc_aes_k_axi_top/i_axi2reg/i_axi_lite_to_reg/i_fifo_read/q[63]_i_14__0/O
                         net (fo=1, estimated)        0.123     6.302    i_kecc_aes_k_axi_top/i_axi2reg/i_axi_lite_to_reg/i_fifo_read/q[63]_i_14__0_n_0
    SLICE_X46Y100        LUT6 (Prop_lut6_I5_O)        0.105     6.407 r  i_kecc_aes_k_axi_top/i_axi2reg/i_axi_lite_to_reg/i_fifo_read/q[63]_i_9/O
                         net (fo=5, estimated)        0.159     6.566    i_kecc_aes_k_axi_top/i_axi2reg/i_axi_lite_to_reg/i_fifo_read/q[63]_i_9_n_0
    SLICE_X46Y100        LUT2 (Prop_lut2_I1_O)        0.105     6.671 r  i_kecc_aes_k_axi_top/i_axi2reg/i_axi_lite_to_reg/i_fifo_read/q[63]_i_4/O
                         net (fo=19, estimated)       0.698     7.369    i_kecc_aes_k_axi_top/i_axi2reg/i_axi_lite_to_reg/i_fifo_read/q[63]_i_4_n_0
    SLICE_X46Y110        LUT4 (Prop_lut4_I1_O)        0.105     7.474 r  i_kecc_aes_k_axi_top/i_axi2reg/i_axi_lite_to_reg/i_fifo_read/wr_data_i_3__6/O
                         net (fo=35, estimated)       0.550     8.024    i_kecc_aes_k_axi_top/i_axi2reg/i_axi_lite_to_reg/i_fifo_read/read_pointer_q_reg[0]_32
    SLICE_X52Y110        LUT3 (Prop_lut3_I2_O)        0.105     8.129 r  i_kecc_aes_k_axi_top/i_axi2reg/i_axi_lite_to_reg/i_fifo_read/wr_data_i_2__16/O
                         net (fo=65, estimated)       0.487     8.616    i_kecc_aes_k_axi_top/i_axi2reg/i_axi_lite_to_reg/i_fifo_read/wr_data_i_2__16_n_0
    SLICE_X58Y112        LUT6 (Prop_lut6_I3_O)        0.105     8.721 r  i_kecc_aes_k_axi_top/i_axi2reg/i_axi_lite_to_reg/i_fifo_read/mem_q[0][data][28]_i_14/O
                         net (fo=1, estimated)        0.927     9.648    i_kecc_aes_k_axi_top/i_axi2reg/i_axi_lite_to_reg/i_fifo_read/mem_q[0][data][28]_i_14_n_0
    SLICE_X55Y111        LUT3 (Prop_lut3_I0_O)        0.119     9.767 r  i_kecc_aes_k_axi_top/i_axi2reg/i_axi_lite_to_reg/i_fifo_read/mem_q[0][data][28]_i_5/O
                         net (fo=1, estimated)        0.775    10.542    i_kecc_aes_k_axi_top/i_axi2reg/i_axi_lite_to_reg/i_fifo_read/mem_q[0][data][28]_i_5_n_0
    SLICE_X50Y112        LUT6 (Prop_lut6_I3_O)        0.274    10.816 r  i_kecc_aes_k_axi_top/i_axi2reg/i_axi_lite_to_reg/i_fifo_read/mem_q[0][data][28]_i_1/O
                         net (fo=2, estimated)        0.675    11.491    i_kecc_aes_k_axi_top/i_axi2reg/i_axi_lite_to_reg/i_fifo_read_resp/D[28]
    SLICE_X51Y112        FDCE                                         r  i_kecc_aes_k_axi_top/i_axi2reg/i_axi_lite_to_reg/i_fifo_read_resp/mem_q_reg[1][data][28]/D
  -------------------------------------------------------------------    -------------------

                         (clock clk_i rise edge)     10.000    10.000 r  
                                                      0.000    10.000 r  clk_i (IN)
                         net (fo=3368, unset)         0.748    10.748    i_kecc_aes_k_axi_top/i_axi2reg/i_axi_lite_to_reg/i_fifo_read_resp/clk_i
    SLICE_X51Y112        FDCE                                         r  i_kecc_aes_k_axi_top/i_axi2reg/i_axi_lite_to_reg/i_fifo_read_resp/mem_q_reg[1][data][28]/C
                         clock pessimism              0.000    10.748    
                         clock uncertainty           -0.035    10.712    
    SLICE_X51Y112        FDCE (Setup_fdce_C_D)       -0.072    10.640    i_kecc_aes_k_axi_top/i_axi2reg/i_axi_lite_to_reg/i_fifo_read_resp/mem_q_reg[1][data][28]
  -------------------------------------------------------------------
                         required time                         10.640    
                         arrival time                         -11.491    
  -------------------------------------------------------------------
                         slack                                 -0.851    





Min Delay Paths
--------------------------------------------------------------------------------------
Slack (MET) :             0.212ns  (arrival time - required time)
  Source:                 i_kecc_aes_k_axi_top/i_keccak_aes_k_top/kslice/group_idx_reg_reg[4]/C
                            (rising edge-triggered cell FDCE clocked by clk_i  {rise@0.000ns fall@5.000ns period=10.000ns})
  Destination:            i_kecc_aes_k_axi_top/i_keccak_aes_k_top/kslice/group_idx_reg_reg[4]/D
                            (rising edge-triggered cell FDCE clocked by clk_i  {rise@0.000ns fall@5.000ns period=10.000ns})
  Path Group:             clk_i
  Path Type:              Hold (Min at Fast Process Corner)
  Requirement:            0.000ns  (clk_i rise@0.000ns - clk_i rise@0.000ns)
  Data Path Delay:        0.324ns  (logic 0.186ns (57.344%)  route 0.138ns (42.656%))
  Logic Levels:           1  (LUT6=1)
  Clock Path Skew:        0.021ns (DCD - SCD - CPR)
    Destination Clock Delay (DCD):    0.411ns
    Source Clock Delay      (SCD):    0.390ns
    Clock Pessimism Removal (CPR):    -0.000ns

    Location             Delay type                Incr(ns)  Path(ns)    Netlist Resource(s)
  -------------------------------------------------------------------    -------------------
                         (clock clk_i rise edge)      0.000     0.000 r  
                                                      0.000     0.000 r  clk_i (IN)
                         net (fo=3368, unset)         0.390     0.390    i_kecc_aes_k_axi_top/i_keccak_aes_k_top/kslice/clk_i
    SLICE_X28Y136        FDCE                                         r  i_kecc_aes_k_axi_top/i_keccak_aes_k_top/kslice/group_idx_reg_reg[4]/C
  -------------------------------------------------------------------    -------------------
    SLICE_X28Y136        FDCE (Prop_fdce_C_Q)         0.141     0.531 r  i_kecc_aes_k_axi_top/i_keccak_aes_k_top/kslice/group_idx_reg_reg[4]/Q
                         net (fo=2, estimated)        0.138     0.670    i_kecc_aes_k_axi_top/i_keccak_aes_k_top/kslice/group_idx_reg__0[4]
    SLICE_X28Y136        LUT6 (Prop_lut6_I5_O)        0.045     0.715 r  i_kecc_aes_k_axi_top/i_keccak_aes_k_top/kslice/group_idx_reg[4]_i_2/O
                         net (fo=1, routed)           0.000     0.715    i_kecc_aes_k_axi_top/i_keccak_aes_k_top/kslice/group_idx_reg[4]_i_2_n_0
    SLICE_X28Y136        FDCE                                         r  i_kecc_aes_k_axi_top/i_keccak_aes_k_top/kslice/group_idx_reg_reg[4]/D
  -------------------------------------------------------------------    -------------------

                         (clock clk_i rise edge)      0.000     0.000 r  
                                                      0.000     0.000 r  clk_i (IN)
                         net (fo=3368, unset)         0.411     0.411    i_kecc_aes_k_axi_top/i_keccak_aes_k_top/kslice/clk_i
    SLICE_X28Y136        FDCE                                         r  i_kecc_aes_k_axi_top/i_keccak_aes_k_top/kslice/group_idx_reg_reg[4]/C
                         clock pessimism              0.000     0.411    
    SLICE_X28Y136        FDCE (Hold_fdce_C_D)         0.092     0.503    i_kecc_aes_k_axi_top/i_keccak_aes_k_top/kslice/group_idx_reg_reg[4]
  -------------------------------------------------------------------
                         required time                         -0.503    
                         arrival time                           0.715    
  -------------------------------------------------------------------
                         slack                                  0.212    





Pulse Width Checks
--------------------------------------------------------------------------------------
Clock Name:         clk_i
Waveform(ns):       { 0.000 5.000 }
Period(ns):         10.000
Sources:            { clk_i }

Check Type        Corner  Lib Pin  Reference Pin  Required(ns)  Actual(ns)  Slack(ns)  Location       Pin
Min Period        n/a     FDCE/C   n/a            1.000         10.000      9.000      SLICE_X37Y127  i_kecc_aes_k_axi_top/ctrl_init_old_reg/C
Low Pulse Width   Slow    FDCE/C   n/a            0.500         5.000       4.500      SLICE_X37Y127  i_kecc_aes_k_axi_top/ctrl_init_old_reg/C
High Pulse Width  Slow    FDCE/C   n/a            0.500         5.000       4.500      SLICE_X37Y127  i_kecc_aes_k_axi_top/ctrl_init_old_reg/C



---------------------------------------------------------------------------------------------------
Path Group:  **async_default**
From Clock:  clk_i
  To Clock:  clk_i

Setup :            0  Failing Endpoints,  Worst Slack        7.576ns,  Total Violation        0.000ns
Hold  :            0  Failing Endpoints,  Worst Slack        0.990ns,  Total Violation        0.000ns
---------------------------------------------------------------------------------------------------


Max Delay Paths
--------------------------------------------------------------------------------------
Slack (MET) :             7.576ns  (required time - arrival time)
  Source:                 i_kecc_aes_k_axi_top/kecc_aes_k_axi_reg_top_i/u_ctrl_zeroize/q_reg[0]/C
                            (rising edge-triggered cell FDCE clocked by clk_i  {rise@0.000ns fall@5.000ns period=10.000ns})
  Destination:            i_kecc_aes_k_axi_top/i_keccak_aes_k_top/kslice/group_idx_reg_reg[0]/CLR
                            (recovery check against rising-edge clock clk_i  {rise@0.000ns fall@5.000ns period=10.000ns})
  Path Group:             **async_default**
  Path Type:              Recovery (Max at Slow Process Corner)
  Requirement:            10.000ns  (clk_i rise@10.000ns - clk_i rise@0.000ns)
  Data Path Delay:        2.018ns  (logic 0.484ns (23.984%)  route 1.534ns (76.016%))
  Logic Levels:           1  (LUT2=1)
  Clock Path Skew:        -0.039ns (DCD - SCD + CPR)
    Destination Clock Delay (DCD):    0.748ns = ( 10.748 - 10.000 ) 
    Source Clock Delay      (SCD):    0.787ns
    Clock Pessimism Removal (CPR):    0.000ns
  Clock Uncertainty:      0.035ns  ((TSJ^2 + TIJ^2)^1/2 + DJ) / 2 + PE
    Total System Jitter     (TSJ):    0.071ns
    Total Input Jitter      (TIJ):    0.000ns
    Discrete Jitter          (DJ):    0.000ns
    Phase Error              (PE):    0.000ns

    Location             Delay type                Incr(ns)  Path(ns)    Netlist Resource(s)
  -------------------------------------------------------------------    -------------------
                         (clock clk_i rise edge)      0.000     0.000 r  
                                                      0.000     0.000 r  clk_i (IN)
                         net (fo=3368, unset)         0.787     0.787    i_kecc_aes_k_axi_top/kecc_aes_k_axi_reg_top_i/u_ctrl_zeroize/clk_i
    SLICE_X45Y120        FDCE                                         r  i_kecc_aes_k_axi_top/kecc_aes_k_axi_reg_top_i/u_ctrl_zeroize/q_reg[0]/C
  -------------------------------------------------------------------    -------------------
    SLICE_X45Y120        FDCE (Prop_fdce_C_Q)         0.379     1.166 f  i_kecc_aes_k_axi_top/kecc_aes_k_axi_reg_top_i/u_ctrl_zeroize/q_reg[0]/Q
                         net (fo=173, estimated)      0.927     2.093    i_kecc_aes_k_axi_top/kecc_aes_k_axi_reg_top_i/u_ctrl_zeroize/reg_file_to_ip[ctrl][zeroize][q]
    SLICE_X30Y131        LUT2 (Prop_lut2_I1_O)        0.105     2.198 f  i_kecc_aes_k_axi_top/kecc_aes_k_axi_reg_top_i/u_ctrl_zeroize/FSM_onehot_st_reg[2]_i_2/O
                         net (fo=13, estimated)       0.607     2.805    i_kecc_aes_k_axi_top/i_keccak_aes_k_top/kslice/group_idx_reg_reg[4]_0
    SLICE_X28Y136        FDCE                                         f  i_kecc_aes_k_axi_top/i_keccak_aes_k_top/kslice/group_idx_reg_reg[0]/CLR
  -------------------------------------------------------------------    -------------------

                         (clock clk_i rise edge)     10.000    10.000 r  
                                                      0.000    10.000 r  clk_i (IN)
                         net (fo=3368, unset)         0.748    10.748    i_kecc_aes_k_axi_top/i_keccak_aes_k_top/kslice/clk_i
    SLICE_X28Y136        FDCE                                         r  i_kecc_aes_k_axi_top/i_keccak_aes_k_top/kslice/group_idx_reg_reg[0]/C
                         clock pessimism              0.000    10.748    
                         clock uncertainty           -0.035    10.712    
    SLICE_X28Y136        FDCE (Recov_fdce_C_CLR)     -0.331    10.381    i_kecc_aes_k_axi_top/i_keccak_aes_k_top/kslice/group_idx_reg_reg[0]
  -------------------------------------------------------------------
                         required time                         10.381    
                         arrival time                          -2.805    
  -------------------------------------------------------------------
                         slack                                  7.576    





Min Delay Paths
--------------------------------------------------------------------------------------
Slack (MET) :             0.990ns  (arrival time - required time)
  Source:                 i_kecc_aes_k_axi_top/kecc_aes_k_axi_reg_top_i/u_ctrl_zeroize/q_reg[0]/C
                            (rising edge-triggered cell FDCE clocked by clk_i  {rise@0.000ns fall@5.000ns period=10.000ns})
  Destination:            i_kecc_aes_k_axi_top/i_keccak_aes_k_top/kslice/FSM_onehot_st_reg_reg[1]/CLR
                            (removal check against rising-edge clock clk_i  {rise@0.000ns fall@5.000ns period=10.000ns})
  Path Group:             **async_default**
  Path Type:              Removal (Min at Fast Process Corner)
  Requirement:            0.000ns  (clk_i rise@0.000ns - clk_i rise@0.000ns)
  Data Path Delay:        0.944ns  (logic 0.186ns (19.709%)  route 0.758ns (80.291%))
  Logic Levels:           1  (LUT2=1)
  Clock Path Skew:        0.021ns (DCD - SCD - CPR)
    Destination Clock Delay (DCD):    0.411ns
    Source Clock Delay      (SCD):    0.390ns
    Clock Pessimism Removal (CPR):    -0.000ns

    Location             Delay type                Incr(ns)  Path(ns)    Netlist Resource(s)
  -------------------------------------------------------------------    -------------------
                         (clock clk_i rise edge)      0.000     0.000 r  
                                                      0.000     0.000 r  clk_i (IN)
                         net (fo=3368, unset)         0.390     0.390    i_kecc_aes_k_axi_top/kecc_aes_k_axi_reg_top_i/u_ctrl_zeroize/clk_i
    SLICE_X45Y120        FDCE                                         r  i_kecc_aes_k_axi_top/kecc_aes_k_axi_reg_top_i/u_ctrl_zeroize/q_reg[0]/C
  -------------------------------------------------------------------    -------------------
    SLICE_X45Y120        FDCE (Prop_fdce_C_Q)         0.141     0.531 f  i_kecc_aes_k_axi_top/kecc_aes_k_axi_reg_top_i/u_ctrl_zeroize/q_reg[0]/Q
                         net (fo=173, estimated)      0.460     0.991    i_kecc_aes_k_axi_top/kecc_aes_k_axi_reg_top_i/u_ctrl_zeroize/reg_file_to_ip[ctrl][zeroize][q]
    SLICE_X30Y131        LUT2 (Prop_lut2_I1_O)        0.045     1.036 f  i_kecc_aes_k_axi_top/kecc_aes_k_axi_reg_top_i/u_ctrl_zeroize/FSM_onehot_st_reg[2]_i_2/O
                         net (fo=13, estimated)       0.298     1.334    i_kecc_aes_k_axi_top/i_keccak_aes_k_top/kslice/group_idx_reg_reg[4]_0
    SLICE_X30Y136        FDCE                                         f  i_kecc_aes_k_axi_top/i_keccak_aes_k_top/kslice/FSM_onehot_st_reg_reg[1]/CLR
  -------------------------------------------------------------------    -------------------

                         (clock clk_i rise edge)      0.000     0.000 r  
                                                      0.000     0.000 r  clk_i (IN)
                         net (fo=3368, unset)         0.411     0.411    i_kecc_aes_k_axi_top/i_keccak_aes_k_top/kslice/clk_i
    SLICE_X30Y136        FDCE                                         r  i_kecc_aes_k_axi_top/i_keccak_aes_k_top/kslice/FSM_onehot_st_reg_reg[1]/C
                         clock pessimism              0.000     0.411    
    SLICE_X30Y136        FDCE (Remov_fdce_C_CLR)     -0.067     0.344    i_kecc_aes_k_axi_top/i_keccak_aes_k_top/kslice/FSM_onehot_st_reg_reg[1]
  -------------------------------------------------------------------
                         required time                         -0.344    
                         arrival time                           1.334    
  -------------------------------------------------------------------
                         slack                                  0.990    





