Copyright 1986-2022 Xilinx, Inc. All Rights Reserved. Copyright 2022-2024 Advanced Micro Devices, Inc. All Rights Reserved.
---------------------------------------------------------------------------------------------------------------------------------------------
| Tool Version : Vivado v.2024.1 (win64) Build 5076996 Wed May 22 18:37:14 MDT 2024
| Date         : Tue Aug 11 13:39:43 2026
| Host         : AlessandraYOGA running 64-bit major release  (build 9200)
| Command      : report_timing_summary -file reports_v2_unified/kecc_aes_k_axi_synth_top.timing_summary.rpt
| Design       : kecc_aes_k_axi_synth_top
| Device       : 7a100t-ftg256
| Speed File   : -2  PRODUCTION 1.23 2018-06-13
| Design State : Fully Placed
---------------------------------------------------------------------------------------------------------------------------------------------

Timing Summary Report

------------------------------------------------------------------------------------------------
| Timer Settings
| --------------
------------------------------------------------------------------------------------------------

  Enable Multi Corner Analysis               :  Yes
  Enable Pessimism Removal                   :  Yes
  Pessimism Removal Resolution               :  Nearest Common Node
  Enable Input Delay Default Clock           :  No
  Enable Preset / Clear Arcs                 :  No
  Disable Flight Delays                      :  No
  Ignore I/O Paths                           :  No
  Timing Early Launch at Borrowing Latches   :  No
  Borrow Time for Max Delay Exceptions       :  Yes
  Merge Timing Exceptions                    :  Yes
  Inter-SLR Compensation                     :  Conservative

  Corner  Analyze    Analyze    
  Name    Max Paths  Min Paths  
  ------  ---------  ---------  
  Slow    Yes        Yes        
  Fast    Yes        Yes        


------------------------------------------------------------------------------------------------
| Report Methodology
| ------------------
------------------------------------------------------------------------------------------------

No report available as report_methodology has not been run prior. Run report_methodology on the current design for the summary of methodology violations.



check_timing report

Table of Contents
-----------------
1. checking no_clock (0)
2. checking constant_clock (0)
3. checking pulse_width_clock (0)
4. checking unconstrained_internal_endpoints (0)
5. checking no_input_delay (133)
6. checking no_output_delay (83)
7. checking multiple_clock (0)
8. checking generated_clocks (0)
9. checking loops (0)
10. checking partial_input_delay (0)
11. checking partial_output_delay (0)
12. checking latch_loops (0)

1. checking no_clock (0)
------------------------
 There are 0 register/latch pins with no clock.


2. checking constant_clock (0)
------------------------------
 There are 0 register/latch pins with constant_clock.


3. checking pulse_width_clock (0)
---------------------------------
 There are 0 register/latch pins which need pulse_width check


4. checking unconstrained_internal_endpoints (0)
------------------------------------------------
 There are 0 pins that are not constrained for maximum delay.

 There are 0 pins that are not constrained for maximum delay due to constant clock.


5. checking no_input_delay (133)
--------------------------------
 There are 133 input ports with no input delay specified. (HIGH)

 There are 0 input ports with no input delay but user has a false path constraint.


6. checking no_output_delay (83)
--------------------------------
 There are 83 ports with no output delay specified. (HIGH)

 There are 0 ports with no output delay but user has a false path constraint

 There are 0 ports with no output delay but with a timing clock defined on it or propagating through it


7. checking multiple_clock (0)
------------------------------
 There are 0 register/latch pins with multiple clocks.


8. checking generated_clocks (0)
--------------------------------
 There are 0 generated clocks that are not connected to a clock source.


9. checking loops (0)
---------------------
 There are 0 combinational loops in the design.


10. checking partial_input_delay (0)
------------------------------------
 There are 0 input ports with partial input delay specified.


11. checking partial_output_delay (0)
-------------------------------------
 There are 0 ports with partial output delay specified.


12. checking latch_loops (0)
----------------------------
 There are 0 combinational latch loops in the design through latch input



------------------------------------------------------------------------------------------------
| Design Timing Summary
| ---------------------
------------------------------------------------------------------------------------------------

    WNS(ns)      TNS(ns)  TNS Failing Endpoints  TNS Total Endpoints      WHS(ns)      THS(ns)  THS Failing Endpoints  THS Total Endpoints     WPWS(ns)     TPWS(ns)  TPWS Failing Endpoints  TPWS Total Endpoints  
    -------      -------  ---------------------  -------------------      -------      -------  ---------------------  -------------------     --------     --------  ----------------------  --------------------  
     -0.905    -1825.395                   4337                 9515        0.124        0.000                      0                 9515        4.500        0.000                       0                  4999  


Timing constraints are not met.


------------------------------------------------------------------------------------------------
| Clock Summary
| -------------
------------------------------------------------------------------------------------------------

Clock  Waveform(ns)       Period(ns)      Frequency(MHz)
-----  ------------       ----------      --------------
clk_i  {0.000 5.000}      10.000          100.000         


------------------------------------------------------------------------------------------------
| Intra Clock Table
| -----------------
------------------------------------------------------------------------------------------------

Clock             WNS(ns)      TNS(ns)  TNS Failing Endpoints  TNS Total Endpoints      WHS(ns)      THS(ns)  THS Failing Endpoints  THS Total Endpoints     WPWS(ns)     TPWS(ns)  TPWS Failing Endpoints  TPWS Total Endpoints  
-----             -------      -------  ---------------------  -------------------      -------      -------  ---------------------  -------------------     --------     --------  ----------------------  --------------------  
clk_i              -0.905    -1825.395                   4337                 9515        0.124        0.000                      0                 9515        4.500        0.000                       0                  4999  


------------------------------------------------------------------------------------------------
| Inter Clock Table
| -----------------
------------------------------------------------------------------------------------------------

From Clock    To Clock          WNS(ns)      TNS(ns)  TNS Failing Endpoints  TNS Total Endpoints      WHS(ns)      THS(ns)  THS Failing Endpoints  THS Total Endpoints  
----------    --------          -------      -------  ---------------------  -------------------      -------      -------  ---------------------  -------------------  


------------------------------------------------------------------------------------------------
| Other Path Groups Table
| -----------------------
------------------------------------------------------------------------------------------------

Path Group    From Clock    To Clock          WNS(ns)      TNS(ns)  TNS Failing Endpoints  TNS Total Endpoints      WHS(ns)      THS(ns)  THS Failing Endpoints  THS Total Endpoints  
----------    ----------    --------          -------      -------  ---------------------  -------------------      -------      -------  ---------------------  -------------------  


------------------------------------------------------------------------------------------------
| Timing Details
| --------------
------------------------------------------------------------------------------------------------


---------------------------------------------------------------------------------------------------
From Clock:  clk_i
  To Clock:  clk_i

Setup :         4337  Failing Endpoints,  Worst Slack       -0.905ns,  Total Violation    -1825.395ns
Hold  :            0  Failing Endpoints,  Worst Slack        0.124ns,  Total Violation        0.000ns
PW    :            0  Failing Endpoints,  Worst Slack        4.500ns,  Total Violation        0.000ns
---------------------------------------------------------------------------------------------------


Max Delay Paths
--------------------------------------------------------------------------------------
Slack (VIOLATED) :        -0.905ns  (required time - arrival time)
  Source:                 i_kecc_aes_k_axi_top/i_axi2reg/i_axi_to_axi_lite/i_axi_burst_splitter/i_demux_supported_vs_unsupported/gen_demux.gen_ar_id_counter.i_ar_id_counter/gen_counters[10].i_in_flight_cnt/counter_q_reg[0]/C
                            (rising edge-triggered cell FDCE clocked by clk_i  {rise@0.000ns fall@5.000ns period=10.000ns})
  Destination:            i_kecc_aes_k_axi_top/kecc_aes_k_axi_unified_reg_top_i/u_keccak_data_3/q_reg[58]/CE
                            (rising edge-triggered cell FDCE clocked by clk_i  {rise@0.000ns fall@5.000ns period=10.000ns})
  Path Group:             clk_i
  Path Type:              Setup (Max at Slow Process Corner)
  Requirement:            10.000ns  (clk_i rise@10.000ns - clk_i rise@0.000ns)
  Data Path Delay:        10.662ns  (logic 2.164ns (20.296%)  route 8.498ns (79.704%))
  Logic Levels:           17  (LUT4=3 LUT5=6 LUT6=8)
  Clock Path Skew:        -0.039ns (DCD - SCD + CPR)
    Destination Clock Delay (DCD):    0.748ns = ( 10.748 - 10.000 ) 
    Source Clock Delay      (SCD):    0.787ns
    Clock Pessimism Removal (CPR):    0.000ns
  Clock Uncertainty:      0.035ns  ((TSJ^2 + TIJ^2)^1/2 + DJ) / 2 + PE
    Total System Jitter     (TSJ):    0.071ns
    Total Input Jitter      (TIJ):    0.000ns
    Discrete Jitter          (DJ):    0.000ns
    Phase Error              (PE):    0.000ns

    Location             Delay type                Incr(ns)  Path(ns)    Netlist Resource(s)
  -------------------------------------------------------------------    -------------------
                         (clock clk_i rise edge)      0.000     0.000 r  
                                                      0.000     0.000 r  clk_i (IN)
                         net (fo=4998, unset)         0.787     0.787    i_kecc_aes_k_axi_top/i_axi2reg/i_axi_to_axi_lite/i_axi_burst_splitter/i_demux_supported_vs_unsupported/gen_demux.gen_ar_id_counter.i_ar_id_counter/gen_counters[10].i_in_flight_cnt/clk_i
    SLICE_X35Y134        FDCE                                         r  i_kecc_aes_k_axi_top/i_axi2reg/i_axi_to_axi_lite/i_axi_burst_splitter/i_demux_supported_vs_unsupported/gen_demux.gen_ar_id_counter.i_ar_id_counter/gen_counters[10].i_in_flight_cnt/counter_q_reg[0]/C
  -------------------------------------------------------------------    -------------------
    SLICE_X35Y134        FDCE (Prop_fdce_C_Q)         0.379     1.166 r  i_kecc_aes_k_axi_top/i_axi2reg/i_axi_to_axi_lite/i_axi_burst_splitter/i_demux_supported_vs_unsupported/gen_demux.gen_ar_id_counter.i_ar_id_counter/gen_counters[10].i_in_flight_cnt/counter_q_reg[0]/Q
                         net (fo=4, estimated)        0.548     1.714    i_kecc_aes_k_axi_top/i_axi2reg/i_axi_to_axi_lite/i_axi_burst_splitter/i_demux_supported_vs_unsupported/gen_demux.gen_ar_id_counter.i_ar_id_counter/gen_counters[10].i_in_flight_cnt/counter_q_reg[0]_0
    SLICE_X34Y135        LUT4 (Prop_lut4_I0_O)        0.105     1.819 r  i_kecc_aes_k_axi_top/i_axi2reg/i_axi_to_axi_lite/i_axi_burst_splitter/i_demux_supported_vs_unsupported/gen_demux.gen_ar_id_counter.i_ar_id_counter/gen_counters[10].i_in_flight_cnt/axi_rsp_o[ar_ready]_INST_0_i_27/O
                         net (fo=1, estimated)        0.229     2.048    i_kecc_aes_k_axi_top/i_axi2reg/i_axi_to_axi_lite/i_axi_burst_splitter/i_demux_supported_vs_unsupported/gen_demux.gen_ar_id_counter.i_ar_id_counter/gen_counters[9].i_in_flight_cnt/axi_rsp_o[ar_ready]_INST_0_i_5_0
    SLICE_X37Y135        LUT5 (Prop_lut5_I4_O)        0.105     2.153 r  i_kecc_aes_k_axi_top/i_axi2reg/i_axi_to_axi_lite/i_axi_burst_splitter/i_demux_supported_vs_unsupported/gen_demux.gen_ar_id_counter.i_ar_id_counter/gen_counters[9].i_in_flight_cnt/axi_rsp_o[ar_ready]_INST_0_i_13/O
                         net (fo=1, estimated)        0.655     2.808    i_kecc_aes_k_axi_top/i_axi2reg/i_axi_to_axi_lite/i_axi_burst_splitter/i_demux_supported_vs_unsupported/gen_demux.gen_ar_id_counter.i_ar_id_counter/gen_counters[9].i_in_flight_cnt/axi_rsp_o[ar_ready]_INST_0_i_13_n_0
    SLICE_X37Y134        LUT6 (Prop_lut6_I0_O)        0.105     2.913 r  i_kecc_aes_k_axi_top/i_axi2reg/i_axi_to_axi_lite/i_axi_burst_splitter/i_demux_supported_vs_unsupported/gen_demux.gen_ar_id_counter.i_ar_id_counter/gen_counters[9].i_in_flight_cnt/axi_rsp_o[ar_ready]_INST_0_i_5/O
                         net (fo=6, estimated)        0.535     3.448    i_kecc_aes_k_axi_top/i_axi2reg/i_axi_to_axi_lite/i_axi_burst_splitter/i_demux_supported_vs_unsupported/gen_demux.gen_aw_id_counter.i_aw_id_counter/gen_counters[21].i_in_flight_cnt/gen_demux.lock_aw_valid_q_reg_0
    SLICE_X37Y135        LUT6 (Prop_lut6_I2_O)        0.105     3.553 f  i_kecc_aes_k_axi_top/i_axi2reg/i_axi_to_axi_lite/i_axi_burst_splitter/i_demux_supported_vs_unsupported/gen_demux.gen_aw_id_counter.i_aw_id_counter/gen_counters[21].i_in_flight_cnt/axi_rsp_o[aw_ready]_INST_0_i_4/O
                         net (fo=4, estimated)        0.484     4.037    i_kecc_aes_k_axi_top/i_axi2reg/i_axi_to_axi_lite/i_axi_burst_splitter/i_demux_supported_vs_unsupported/gen_demux.gen_aw_id_counter.i_aw_id_counter/gen_counters[3].i_in_flight_cnt/gen_demux.aw_valid1
    SLICE_X45Y137        LUT5 (Prop_lut5_I3_O)        0.105     4.142 f  i_kecc_aes_k_axi_top/i_axi2reg/i_axi_to_axi_lite/i_axi_burst_splitter/i_demux_supported_vs_unsupported/gen_demux.gen_aw_id_counter.i_aw_id_counter/gen_counters[3].i_in_flight_cnt/i__i_4__6/O
                         net (fo=21, estimated)       0.443     4.585    i_kecc_aes_k_axi_top/i_axi2reg/i_axi_burst_splitter/i_axi_burst_splitter_aw_chan/state_d0
    SLICE_X44Y139        LUT5 (Prop_lut5_I4_O)        0.105     4.690 r  i_kecc_aes_k_axi_top/i_axi2reg/i__i_3__0/O
                         net (fo=2, estimated)        0.137     4.827    i_kecc_aes_k_axi_top/i_axi2reg/i__i_3__0_n_0
    SLICE_X44Y139        LUT5 (Prop_lut5_I2_O)        0.105     4.932 r  i_kecc_aes_k_axi_top/i_axi2reg/i__i_1__2/O
                         net (fo=3, estimated)        0.243     5.175    i_kecc_aes_k_axi_top/i_axi2reg/i__i_1__2_n_0
    SLICE_X43Y139        LUT6 (Prop_lut6_I0_O)        0.105     5.280 r  i_kecc_aes_k_axi_top/i_axi2reg/i__i_2__2/O
                         net (fo=59, estimated)       0.429     5.709    i_kecc_aes_k_axi_top/i_axi2reg/i__i_2__2_n_0
    SLICE_X42Y140        LUT5 (Prop_lut5_I3_O)        0.105     5.814 r  i_kecc_aes_k_axi_top/i_axi2reg/mem_q[0][data][63]_i_24/O
                         net (fo=6, estimated)        1.161     6.975    i_kecc_aes_k_axi_top/i_axi2reg/i_axi_lite_to_reg/i_fifo_read/reg_req_i[addr][4]
    SLICE_X42Y156        LUT6 (Prop_lut6_I0_O)        0.105     7.080 f  i_kecc_aes_k_axi_top/i_axi2reg/i_axi_lite_to_reg/i_fifo_read/mem_q[0][data][31]_i_19/O
                         net (fo=6, estimated)        0.495     7.575    i_kecc_aes_k_axi_top/i_axi2reg/i_axi_lite_to_reg/i_fifo_read/mem_q[0][data][31]_i_19_n_0
    SLICE_X43Y158        LUT4 (Prop_lut4_I1_O)        0.105     7.680 r  i_kecc_aes_k_axi_top/i_axi2reg/i_axi_lite_to_reg/i_fifo_read/mem_q[0][data][31]_i_13/O
                         net (fo=7, estimated)        0.483     8.163    i_kecc_aes_k_axi_top/i_axi2reg/i_axi_lite_to_reg/i_fifo_read/mem_q_reg[1][3]_2
    SLICE_X39Y160        LUT6 (Prop_lut6_I0_O)        0.105     8.268 r  i_kecc_aes_k_axi_top/i_axi2reg/i_axi_lite_to_reg/i_fifo_read/mem_q[0][error]_i_16/O
                         net (fo=1, estimated)        0.422     8.690    i_kecc_aes_k_axi_top/i_axi2reg/i_axi_lite_to_reg/i_fifo_read/mem_q[0][error]_i_16_n_0
    SLICE_X39Y161        LUT6 (Prop_lut6_I4_O)        0.105     8.795 r  i_kecc_aes_k_axi_top/i_axi2reg/i_axi_lite_to_reg/i_fifo_read/mem_q[0][error]_i_11/O
                         net (fo=1, estimated)        0.205     9.000    i_kecc_aes_k_axi_top/i_axi2reg/i_axi_lite_to_reg/i_fifo_read/mem_q[0][error]_i_11_n_0
    SLICE_X39Y161        LUT6 (Prop_lut6_I0_O)        0.105     9.105 r  i_kecc_aes_k_axi_top/i_axi2reg/i_axi_lite_to_reg/i_fifo_read/mem_q[0][error]_i_5/O
                         net (fo=1, estimated)        0.117     9.222    i_kecc_aes_k_axi_top/i_axi2reg/i_axi_lite_to_reg/i_fifo_read/mem_q[0][error]_i_5_n_0
    SLICE_X39Y161        LUT6 (Prop_lut6_I4_O)        0.105     9.327 f  i_kecc_aes_k_axi_top/i_axi2reg/i_axi_lite_to_reg/i_fifo_read/mem_q[0][error]_i_1/O
                         net (fo=36, estimated)       0.682    10.009    i_kecc_aes_k_axi_top/i_axi2reg/i_axi_lite_to_reg/i_fifo_read/reg_rsp_o[error]
    SLICE_X35Y165        LUT4 (Prop_lut4_I1_O)        0.105    10.114 r  i_kecc_aes_k_axi_top/i_axi2reg/i_axi_lite_to_reg/i_fifo_read/q[63]_i_3__17/O
                         net (fo=65, estimated)       0.632    10.746    i_kecc_aes_k_axi_top/i_keccak_aes_k_top_unified/keccak_data_3_we
    SLICE_X34Y165        LUT5 (Prop_lut5_I0_O)        0.105    10.851 r  i_kecc_aes_k_axi_top/i_keccak_aes_k_top_unified/q[63]_i_1__2/O
                         net (fo=64, estimated)       0.598    11.449    i_kecc_aes_k_axi_top/kecc_aes_k_axi_unified_reg_top_i/u_keccak_data_3/q_reg[0]_3[0]
    SLICE_X31Y169        FDCE                                         r  i_kecc_aes_k_axi_top/kecc_aes_k_axi_unified_reg_top_i/u_keccak_data_3/q_reg[58]/CE
  -------------------------------------------------------------------    -------------------

                         (clock clk_i rise edge)     10.000    10.000 r  
                                                      0.000    10.000 r  clk_i (IN)
                         net (fo=4998, unset)         0.748    10.748    i_kecc_aes_k_axi_top/kecc_aes_k_axi_unified_reg_top_i/u_keccak_data_3/clk_i
    SLICE_X31Y169        FDCE                                         r  i_kecc_aes_k_axi_top/kecc_aes_k_axi_unified_reg_top_i/u_keccak_data_3/q_reg[58]/C
                         clock pessimism              0.000    10.748    
                         clock uncertainty           -0.035    10.712    
    SLICE_X31Y169        FDCE (Setup_fdce_C_CE)      -0.168    10.544    i_kecc_aes_k_axi_top/kecc_aes_k_axi_unified_reg_top_i/u_keccak_data_3/q_reg[58]
  -------------------------------------------------------------------
                         required time                         10.544    
                         arrival time                         -11.449    
  -------------------------------------------------------------------
                         slack                                 -0.905    





Min Delay Paths
--------------------------------------------------------------------------------------
Slack (MET) :             0.124ns  (arrival time - required time)
  Source:                 i_kecc_aes_k_axi_top/i_keccak_aes_k_top_unified/ready_reg_reg/C
                            (rising edge-triggered cell FDPE clocked by clk_i  {rise@0.000ns fall@5.000ns period=10.000ns})
  Destination:            i_kecc_aes_k_axi_top/kecc_aes_k_axi_unified_reg_top_i/u_status_ready/q_reg[0]/D
                            (rising edge-triggered cell FDCE clocked by clk_i  {rise@0.000ns fall@5.000ns period=10.000ns})
  Path Group:             clk_i
  Path Type:              Hold (Min at Fast Process Corner)
  Requirement:            0.000ns  (clk_i rise@0.000ns - clk_i rise@0.000ns)
  Data Path Delay:        0.219ns  (logic 0.141ns (64.280%)  route 0.078ns (35.720%))
  Logic Levels:           0  
  Clock Path Skew:        0.021ns (DCD - SCD - CPR)
    Destination Clock Delay (DCD):    0.411ns
    Source Clock Delay      (SCD):    0.390ns
    Clock Pessimism Removal (CPR):    -0.000ns

    Location             Delay type                Incr(ns)  Path(ns)    Netlist Resource(s)
  -------------------------------------------------------------------    -------------------
                         (clock clk_i rise edge)      0.000     0.000 r  
                                                      0.000     0.000 r  clk_i (IN)
                         net (fo=4998, unset)         0.390     0.390    i_kecc_aes_k_axi_top/i_keccak_aes_k_top_unified/clk_i
    SLICE_X17Y159        FDPE                                         r  i_kecc_aes_k_axi_top/i_keccak_aes_k_top_unified/ready_reg_reg/C
  -------------------------------------------------------------------    -------------------
    SLICE_X17Y159        FDPE (Prop_fdpe_C_Q)         0.141     0.531 r  i_kecc_aes_k_axi_top/i_keccak_aes_k_top_unified/ready_reg_reg/Q
                         net (fo=2, estimated)        0.078     0.610    i_kecc_aes_k_axi_top/kecc_aes_k_axi_unified_reg_top_i/u_status_ready/ip_to_reg_file[status][ready][d]
    SLICE_X17Y159        FDCE                                         r  i_kecc_aes_k_axi_top/kecc_aes_k_axi_unified_reg_top_i/u_status_ready/q_reg[0]/D
  -------------------------------------------------------------------    -------------------

                         (clock clk_i rise edge)      0.000     0.000 r  
                                                      0.000     0.000 r  clk_i (IN)
                         net (fo=4998, unset)         0.411     0.411    i_kecc_aes_k_axi_top/kecc_aes_k_axi_unified_reg_top_i/u_status_ready/clk_i
    SLICE_X17Y159        FDCE                                         r  i_kecc_aes_k_axi_top/kecc_aes_k_axi_unified_reg_top_i/u_status_ready/q_reg[0]/C
                         clock pessimism              0.000     0.411    
    SLICE_X17Y159        FDCE (Hold_fdce_C_D)         0.075     0.486    i_kecc_aes_k_axi_top/kecc_aes_k_axi_unified_reg_top_i/u_status_ready/q_reg[0]
  -------------------------------------------------------------------
                         required time                         -0.486    
                         arrival time                           0.610    
  -------------------------------------------------------------------
                         slack                                  0.124    





Pulse Width Checks
--------------------------------------------------------------------------------------
Clock Name:         clk_i
Waveform(ns):       { 0.000 5.000 }
Period(ns):         10.000
Sources:            { clk_i }

Check Type        Corner  Lib Pin  Reference Pin  Required(ns)  Actual(ns)  Slack(ns)  Location       Pin
Min Period        n/a     FDCE/C   n/a            1.000         10.000      9.000      SLICE_X33Y158  i_kecc_aes_k_axi_top/core_result_valid_old_reg/C
Low Pulse Width   Slow    FDCE/C   n/a            0.500         5.000       4.500      SLICE_X33Y158  i_kecc_aes_k_axi_top/core_result_valid_old_reg/C
High Pulse Width  Slow    FDCE/C   n/a            0.500         5.000       4.500      SLICE_X33Y158  i_kecc_aes_k_axi_top/core_result_valid_old_reg/C



