Copyright 1986-2019 Xilinx, Inc. All Rights Reserved.
-------------------------------------------------------------------------------------------------
| Tool Version : Vivado v.2019.2 (lin64) Build 2708876 Wed Nov  6 21:39:14 MST 2019
| Date         : Tue May 26 09:33:03 2026
| Host         : ugluk running 64-bit CentOS Stream release 8
| Command      : report_timing_summary -file reports_copro/hash_xif_synth_top.timing_summary.rpt
| Design       : hash_xif_synth_top
| Device       : 7a100t-ftg256
| Speed File   : -2  PRODUCTION 1.23 2018-06-13
-------------------------------------------------------------------------------------------------

Timing Summary Report

------------------------------------------------------------------------------------------------
| Timer Settings
| --------------
------------------------------------------------------------------------------------------------

  Enable Multi Corner Analysis               :  Yes
  Enable Pessimism Removal                   :  Yes
  Pessimism Removal Resolution               :  Nearest Common Node
  Enable Input Delay Default Clock           :  No
  Enable Preset / Clear Arcs                 :  No
  Disable Flight Delays                      :  No
  Ignore I/O Paths                           :  No
  Timing Early Launch at Borrowing Latches   :  No
  Borrow Time for Max Delay Exceptions       :  Yes
  Merge Timing Exceptions                    :  Yes

  Corner  Analyze    Analyze    
  Name    Max Paths  Min Paths  
  ------  ---------  ---------  
  Slow    Yes        Yes        
  Fast    Yes        Yes        



check_timing report

Table of Contents
-----------------
1. checking no_clock
2. checking constant_clock
3. checking pulse_width_clock
4. checking unconstrained_internal_endpoints
5. checking no_input_delay
6. checking no_output_delay
7. checking multiple_clock
8. checking generated_clocks
9. checking loops
10. checking partial_input_delay
11. checking partial_output_delay
12. checking latch_loops

1. checking no_clock
--------------------
 There are 0 register/latch pins with no clock.


2. checking constant_clock
--------------------------
 There are 0 register/latch pins with constant_clock.


3. checking pulse_width_clock
-----------------------------
 There are 0 register/latch pins which need pulse_width check


4. checking unconstrained_internal_endpoints
--------------------------------------------
 There are 0 pins that are not constrained for maximum delay.

 There are 0 pins that are not constrained for maximum delay due to constant clock.


5. checking no_input_delay
--------------------------
 There are 227 input ports with no input delay specified. (HIGH)

 There are 0 input ports with no input delay but user has a false path constraint.


6. checking no_output_delay
---------------------------
 There are 140 ports with no output delay specified. (HIGH)

 There are 0 ports with no output delay but user has a false path constraint

 There are 0 ports with no output delay but with a timing clock defined on it or propagating through it


7. checking multiple_clock
--------------------------
 There are 0 register/latch pins with multiple clocks.


8. checking generated_clocks
----------------------------
 There are 0 generated clocks that are not connected to a clock source.


9. checking loops
-----------------
 There are 0 combinational loops in the design.


10. checking partial_input_delay
--------------------------------
 There are 0 input ports with partial input delay specified.


11. checking partial_output_delay
---------------------------------
 There are 0 ports with partial output delay specified.


12. checking latch_loops
------------------------
 There are 0 combinational latch loops in the design through latch input



------------------------------------------------------------------------------------------------
| Design Timing Summary
| ---------------------
------------------------------------------------------------------------------------------------

    WNS(ns)      TNS(ns)  TNS Failing Endpoints  TNS Total Endpoints      WHS(ns)      THS(ns)  THS Failing Endpoints  THS Total Endpoints     WPWS(ns)     TPWS(ns)  TPWS Failing Endpoints  TPWS Total Endpoints  
    -------      -------  ---------------------  -------------------      -------      -------  ---------------------  -------------------     --------     --------  ----------------------  --------------------  
      0.566        0.000                      0                 8253        0.284        0.000                      0                 8253        3.500        0.000                       0                  4255  


All user specified timing constraints are met.


------------------------------------------------------------------------------------------------
| Clock Summary
| -------------
------------------------------------------------------------------------------------------------

Clock  Waveform(ns)         Period(ns)      Frequency(MHz)
-----  ------------         ----------      --------------
clk_i  {0.000 4.000}        8.000           125.000         


------------------------------------------------------------------------------------------------
| Intra Clock Table
| -----------------
------------------------------------------------------------------------------------------------

Clock             WNS(ns)      TNS(ns)  TNS Failing Endpoints  TNS Total Endpoints      WHS(ns)      THS(ns)  THS Failing Endpoints  THS Total Endpoints     WPWS(ns)     TPWS(ns)  TPWS Failing Endpoints  TPWS Total Endpoints  
-----             -------      -------  ---------------------  -------------------      -------      -------  ---------------------  -------------------     --------     --------  ----------------------  --------------------  
clk_i               0.566        0.000                      0                 8253        0.284        0.000                      0                 8253        3.500        0.000                       0                  4255  


------------------------------------------------------------------------------------------------
| Inter Clock Table
| -----------------
------------------------------------------------------------------------------------------------

From Clock    To Clock          WNS(ns)      TNS(ns)  TNS Failing Endpoints  TNS Total Endpoints      WHS(ns)      THS(ns)  THS Failing Endpoints  THS Total Endpoints  
----------    --------          -------      -------  ---------------------  -------------------      -------      -------  ---------------------  -------------------  


------------------------------------------------------------------------------------------------
| Other Path Groups Table
| -----------------------
------------------------------------------------------------------------------------------------

Path Group    From Clock    To Clock          WNS(ns)      TNS(ns)  TNS Failing Endpoints  TNS Total Endpoints      WHS(ns)      THS(ns)  THS Failing Endpoints  THS Total Endpoints  
----------    ----------    --------          -------      -------  ---------------------  -------------------      -------      -------  ---------------------  -------------------  


------------------------------------------------------------------------------------------------
| Timing Details
| --------------
------------------------------------------------------------------------------------------------


---------------------------------------------------------------------------------------------------
From Clock:  clk_i
  To Clock:  clk_i

Setup :            0  Failing Endpoints,  Worst Slack        0.566ns,  Total Violation        0.000ns
Hold  :            0  Failing Endpoints,  Worst Slack        0.284ns,  Total Violation        0.000ns
PW    :            0  Failing Endpoints,  Worst Slack        3.500ns,  Total Violation        0.000ns
---------------------------------------------------------------------------------------------------


Max Delay Paths
--------------------------------------------------------------------------------------
Slack (MET) :             0.566ns  (required time - arrival time)
  Source:                 i_hash_xif/i_ex/i_hash/i_reg/reg_q_reg[2][21]/C
                            (rising edge-triggered cell FDCE clocked by clk_i  {rise@0.000ns fall@4.000ns period=8.000ns})
  Destination:            i_hash_xif/i_ex/i_hash/i_chain_lengths/result_regs_reg[8][29]_bret/D
                            (rising edge-triggered cell FDCE clocked by clk_i  {rise@0.000ns fall@4.000ns period=8.000ns})
  Path Group:             clk_i
  Path Type:              Setup (Max at Slow Process Corner)
  Requirement:            8.000ns  (clk_i rise@8.000ns - clk_i rise@0.000ns)
  Data Path Delay:        7.431ns  (logic 2.775ns (37.344%)  route 4.656ns (62.656%))
  Logic Levels:           12  (CARRY4=3 LUT3=4 LUT4=2 LUT5=1 LUT6=2)
  Clock Path Skew:        -0.039ns (DCD - SCD + CPR)
    Destination Clock Delay (DCD):    0.748ns = ( 8.748 - 8.000 ) 
    Source Clock Delay      (SCD):    0.787ns
    Clock Pessimism Removal (CPR):    0.000ns
  Clock Uncertainty:      0.035ns  ((TSJ^2 + TIJ^2)^1/2 + DJ) / 2 + PE
    Total System Jitter     (TSJ):    0.071ns
    Total Input Jitter      (TIJ):    0.000ns
    Discrete Jitter          (DJ):    0.000ns
    Phase Error              (PE):    0.000ns

    Location             Delay type                Incr(ns)  Path(ns)    Netlist Resource(s)
  -------------------------------------------------------------------    -------------------
                         (clock clk_i rise edge)      0.000     0.000 r  
                                                      0.000     0.000 r  clk_i (IN)
                         net (fo=4254, unset)         0.787     0.787    clk_i
                         FDCE                                         r  i_hash_xif/i_ex/i_hash/i_reg/reg_q_reg[2][21]/C
  -------------------------------------------------------------------    -------------------
                         FDCE (Prop_fdce_C_Q)         0.397     1.184 r  i_hash_xif/i_ex/i_hash/i_reg/reg_q_reg[2][21]/Q
                         net (fo=13, unplaced)        0.675     1.859    i_hash_xif/i_ex/i_hash/lanes64[2]__0[21]
                         LUT3 (Prop_lut3_I0_O)        0.232     2.091 r  csum_sh_256f0__60_carry_i_20/O
                         net (fo=3, unplaced)         0.600     2.691    csum_sh_256f0__60_carry_i_20_n_0
                         LUT6 (Prop_lut6_I3_O)        0.105     2.796 r  csum_sh_256f0__60_carry__0_i_13/O
                         net (fo=2, unplaced)         0.358     3.154    csum_sh_256f0__60_carry__0_i_13_n_0
                         LUT4 (Prop_lut4_I3_O)        0.105     3.259 f  csum_sh_256f0__60_carry__0_i_10/O
                         net (fo=3, unplaced)         0.600     3.859    csum_sh_256f0__60_carry__0_i_10_n_0
                         LUT3 (Prop_lut3_I0_O)        0.105     3.964 r  csum_sh_256f0__60_carry__0_i_2/O
                         net (fo=1, unplaced)         0.377     4.341    csum_sh_256f0__60_carry__0_i_2_n_0
                         CARRY4 (Prop_carry4_DI[1]_O[2])
                                                      0.466     4.807 r  i_hash_xif/i_ex/i_hash/i_chain_lengths/csum_sh_256f0__60_carry__0/O[2]
                         net (fo=2, unplaced)         0.595     5.402    i_hash_xif/i_ex/i_hash/i_chain_lengths/csum_sh_256f0__60_carry__0_n_5
                         LUT3 (Prop_lut3_I0_O)        0.244     5.646 r  csum_sh_256f0__166_carry__0_i_1/O
                         net (fo=2, unplaced)         0.358     6.004    csum_sh_256f0__166_carry__0_i_1_n_0
                         LUT4 (Prop_lut4_I0_O)        0.105     6.109 r  csum_sh_256f0__166_carry__0_i_5/O
                         net (fo=1, unplaced)         0.000     6.109    csum_sh_256f0__166_carry__0_i_5_n_0
                         CARRY4 (Prop_carry4_S[3]_O[3])
                                                      0.211     6.320 r  i_hash_xif/i_ex/i_hash/i_chain_lengths/csum_sh_256f0__166_carry__0/O[3]
                         net (fo=3, unplaced)         0.377     6.697    i_hash_xif/i_ex/i_hash/i_chain_lengths/csum_sh_256f0__166_carry__0_n_4
                         LUT3 (Prop_lut3_I1_O)        0.250     6.947 r  csum_sh_256f0__194_carry__0_i_12/O
                         net (fo=2, unplaced)         0.358     7.305    csum_sh_256f0__194_carry__0_i_12_n_0
                         LUT5 (Prop_lut5_I4_O)        0.105     7.410 r  csum_sh_256f0__194_carry__1_i_1/O
                         net (fo=2, unplaced)         0.358     7.768    csum_sh_256f0__194_carry__1_i_1_n_0
                         LUT6 (Prop_lut6_I0_O)        0.105     7.873 r  csum_sh_256f0__194_carry__1_i_3/O
                         net (fo=1, unplaced)         0.000     7.873    csum_sh_256f0__194_carry__1_i_3_n_0
                         CARRY4 (Prop_carry4_S[0]_O[1])
                                                      0.345     8.218 r  i_hash_xif/i_ex/i_hash/i_chain_lengths/csum_sh_256f0__194_carry__1/O[1]
                         net (fo=1, unplaced)         0.000     8.218    i_hash_xif/i_ex/i_hash/i_chain_lengths/csum_sh_256f0__194_carry__1_n_6
                         FDCE                                         r  i_hash_xif/i_ex/i_hash/i_chain_lengths/result_regs_reg[8][29]_bret/D
  -------------------------------------------------------------------    -------------------

                         (clock clk_i rise edge)      8.000     8.000 r  
                                                      0.000     8.000 r  clk_i (IN)
                         net (fo=4254, unset)         0.748     8.748    clk_i
                         FDCE                                         r  i_hash_xif/i_ex/i_hash/i_chain_lengths/result_regs_reg[8][29]_bret/C
                         clock pessimism              0.000     8.748    
                         clock uncertainty           -0.035     8.712    
                         FDCE (Setup_fdce_C_D)        0.072     8.784    i_hash_xif/i_ex/i_hash/i_chain_lengths/result_regs_reg[8][29]_bret
  -------------------------------------------------------------------
                         required time                          8.784    
                         arrival time                          -8.218    
  -------------------------------------------------------------------
                         slack                                  0.566    





Min Delay Paths
--------------------------------------------------------------------------------------
Slack (MET) :             0.284ns  (arrival time - required time)
  Source:                 i_hash_xif/i_ex/i_hash/i_reg/reg_q_reg[3][2]/C
                            (rising edge-triggered cell FDCE clocked by clk_i  {rise@0.000ns fall@4.000ns period=8.000ns})
  Destination:            i_hash_xif/i_ex/i_hash/i_chain_lengths/result_regs_reg[6][26]_bret__1/D
                            (rising edge-triggered cell FDCE clocked by clk_i  {rise@0.000ns fall@4.000ns period=8.000ns})
  Path Group:             clk_i
  Path Type:              Hold (Min at Fast Process Corner)
  Requirement:            0.000ns  (clk_i rise@0.000ns - clk_i rise@0.000ns)
  Data Path Delay:        0.295ns  (logic 0.147ns (49.784%)  route 0.148ns (50.216%))
  Logic Levels:           0  
  Clock Path Skew:        0.021ns (DCD - SCD - CPR)
    Destination Clock Delay (DCD):    0.411ns
    Source Clock Delay      (SCD):    0.390ns
    Clock Pessimism Removal (CPR):    -0.000ns

    Location             Delay type                Incr(ns)  Path(ns)    Netlist Resource(s)
  -------------------------------------------------------------------    -------------------
                         (clock clk_i rise edge)      0.000     0.000 r  
                                                      0.000     0.000 r  clk_i (IN)
                         net (fo=4254, unset)         0.390     0.390    clk_i
                         FDCE                                         r  i_hash_xif/i_ex/i_hash/i_reg/reg_q_reg[3][2]/C
  -------------------------------------------------------------------    -------------------
                         FDCE (Prop_fdce_C_Q)         0.147     0.537 r  i_hash_xif/i_ex/i_hash/i_reg/reg_q_reg[3][2]/Q
                         net (fo=10, unplaced)        0.148     0.686    i_hash_xif/i_ex/i_hash/lanes64[3]__0[2]
                         FDCE                                         r  i_hash_xif/i_ex/i_hash/i_chain_lengths/result_regs_reg[6][26]_bret__1/D
  -------------------------------------------------------------------    -------------------

                         (clock clk_i rise edge)      0.000     0.000 r  
                                                      0.000     0.000 r  clk_i (IN)
                         net (fo=4254, unset)         0.411     0.411    clk_i
                         FDCE                                         r  i_hash_xif/i_ex/i_hash/i_chain_lengths/result_regs_reg[6][26]_bret__1/C
                         clock pessimism              0.000     0.411    
                         FDCE (Hold_fdce_C_D)        -0.009     0.402    i_hash_xif/i_ex/i_hash/i_chain_lengths/result_regs_reg[6][26]_bret__1
  -------------------------------------------------------------------
                         required time                         -0.402    
                         arrival time                           0.686    
  -------------------------------------------------------------------
                         slack                                  0.284    





Pulse Width Checks
--------------------------------------------------------------------------------------
Clock Name:         clk_i
Waveform(ns):       { 0.000 4.000 }
Period(ns):         8.000
Sources:            { clk_i }

Check Type        Corner  Lib Pin  Reference Pin  Required(ns)  Actual(ns)  Slack(ns)  Location  Pin
Min Period        n/a     FDCE/C   n/a            1.000         8.000       7.000                i_hash_xif/i_ex/i_hash/i_chain_lengths/result_regs_reg[0][20]/C
Low Pulse Width   Slow    FDCE/C   n/a            0.500         4.000       3.500                i_hash_xif/i_ex/i_hash/i_chain_lengths/result_regs_reg[0][20]/C
High Pulse Width  Slow    FDCE/C   n/a            0.500         4.000       3.500                i_hash_xif/i_ex/i_hash/i_chain_lengths/result_regs_reg[0][20]/C



