Copyright 1986-2022 Xilinx, Inc. All Rights Reserved. Copyright 2022-2024 Advanced Micro Devices, Inc. All Rights Reserved.
---------------------------------------------------------------------------------------------------------------------------------------------
| Tool Version : Vivado v.2024.1 (win64) Build 5076996 Wed May 22 18:37:14 MDT 2024
| Date         : Tue Aug  4 12:58:29 2026
| Host         : AlessandraYOGA running 64-bit major release  (build 9200)
| Command      : report_utilization -hierarchical -file reports/ariane_synth_top.utilization.rpt
| Design       : ariane_synth_top
| Device       : xc7a100tftg256-2
| Speed File   : -2
| Design State : Optimized
---------------------------------------------------------------------------------------------------------------------------------------------

Utilization Design Information

Table of Contents
-----------------
1. Utilization by Hierarchy

1. Utilization by Hierarchy
---------------------------

+--------------------------------------------------------------------------------------------------------------------+----------------------------------------------+------------+------------+---------+------+-------+--------+--------+------------+
|                                                      Instance                                                      |                    Module                    | Total LUTs | Logic LUTs | LUTRAMs | SRLs |  FFs  | RAMB36 | RAMB18 | DSP Blocks |
+--------------------------------------------------------------------------------------------------------------------+----------------------------------------------+------------+------------+---------+------+-------+--------+--------+------------+
| ariane_synth_top                                                                                                   |                                        (top) |      56001 |      56001 |       0 |    0 | 23889 |     36 |      0 |         27 |
|   (ariane_synth_top)                                                                                               |                                        (top) |        183 |        183 |       0 |    0 |     1 |      0 |      0 |          0 |
|   i_ariane                                                                                                         |                                       ariane |      55827 |      55827 |       0 |    0 | 23888 |     36 |      0 |         27 |
|     gen_cvxif.gen_COPRO_KECC_AES_K.i_kecc_aes_k_xif_coprocessor                                                    |                               kecc_aes_k_xif |        375 |        375 |       0 |    0 |   265 |      0 |      0 |          0 |
|       (gen_cvxif.gen_COPRO_KECC_AES_K.i_kecc_aes_k_xif_coprocessor)                                                |                               kecc_aes_k_xif |        321 |        321 |       0 |    0 |     0 |      0 |      0 |          0 |
|       i_ex                                                                                                         |                            kecc_aes_k_xif_ex |         54 |         54 |       0 |    0 |   265 |      0 |      0 |          0 |
|         (i_ex)                                                                                                     |                            kecc_aes_k_xif_ex |          4 |          4 |       0 |    0 |    73 |      0 |      0 |          0 |
|         i_aes64                                                                                                    |                                 crypto_aes64 |         50 |         50 |       0 |    0 |   192 |      0 |      0 |          0 |
|     i_cva6                                                                                                         |                                         cva6 |      55452 |      55452 |       0 |    0 | 23623 |     36 |      0 |         27 |
|       csr_regfile_i                                                                                                |                                  csr_regfile |       2261 |       2261 |       0 |    0 |  1695 |      0 |      0 |          0 |
|       ex_stage_i                                                                                                   |                                     ex_stage |      21721 |      21721 |       0 |    0 |  8024 |      0 |      0 |         27 |
|         (ex_stage_i)                                                                                               |                                     ex_stage |          0 |          0 |       0 |    0 |    81 |      0 |      0 |          0 |
|         csr_buffer_i                                                                                               |                                   csr_buffer |       1507 |       1507 |       0 |    0 |    26 |      0 |      0 |          0 |
|         fpu_gen.fpu_i                                                                                              |                                     fpu_wrap |      11683 |      11683 |       0 |    0 |  2264 |      0 |      0 |         11 |
|           (fpu_gen.fpu_i)                                                                                          |                                     fpu_wrap |          0 |          0 |       0 |    0 |   214 |      0 |      0 |          0 |
|           fpu_gen.i_fpnew_bulk                                                                                     |                                    fpnew_top |      11683 |      11683 |       0 |    0 |  2050 |      0 |      0 |         11 |
|             gen_operation_groups[0].i_opgroup_block                                                                |                          fpnew_opgroup_block |       3706 |       3706 |       0 |    0 |   746 |      0 |      0 |         11 |
|               gen_parallel_slices[0].active_format.i_fmt_slice                                                     |                      fpnew_opgroup_fmt_slice |       1103 |       1103 |       0 |    0 |   241 |      0 |      0 |          2 |
|                 gen_num_lanes[0].active_lane.lane_instance.i_fma                                                   |                                    fpnew_fma |       1103 |       1103 |       0 |    0 |   241 |      0 |      0 |          2 |
|               gen_parallel_slices[1].active_format.i_fmt_slice                                                     |      fpnew_opgroup_fmt_slice__parameterized0 |       2603 |       2603 |       0 |    0 |   504 |      0 |      0 |          9 |
|                 gen_num_lanes[0].active_lane.lane_instance.i_fma                                                   |                    fpnew_fma__parameterized0 |       2603 |       2603 |       0 |    0 |   504 |      0 |      0 |          9 |
|               i_arbiter                                                                                            |              rr_arb_tree__parameterized4_109 |          0 |          0 |       0 |    0 |     1 |      0 |      0 |          0 |
|             gen_operation_groups[1].i_opgroup_block                                                                |          fpnew_opgroup_block__parameterized0 |       5364 |       5364 |       0 |    0 |   876 |      0 |      0 |          0 |
|               gen_merged_slice.i_multifmt_slice                                                                    |                 fpnew_opgroup_multifmt_slice |       5361 |       5361 |       0 |    0 |   876 |      0 |      0 |          0 |
|                 gen_num_lanes[0].active_lane.lane_instance.gen_thmulti_c910_divsqrt.i_fpnew_divsqrt_th_64_c910     |                    fpnew_divsqrt_th_64_multi |       5361 |       5361 |       0 |    0 |   876 |      0 |      0 |          0 |
|                   (gen_num_lanes[0].active_lane.lane_instance.gen_thmulti_c910_divsqrt.i_fpnew_divsqrt_th_64_c910) |                    fpnew_divsqrt_th_64_multi |         51 |         51 |       0 |    0 |   370 |      0 |      0 |          0 |
|                   i_ct_vfdsu_top                                                                                   |                                 ct_vfdsu_top |       5310 |       5310 |       0 |    0 |   506 |      0 |      0 |          0 |
|                     x_ct_vfdsu_ctrl                                                                                |                                ct_vfdsu_ctrl |         40 |         40 |       0 |    0 |    17 |      0 |      0 |          0 |
|                     x_ct_vfdsu_double                                                                              |                              ct_vfdsu_double |       5259 |       5259 |       0 |    0 |   474 |      0 |      0 |          0 |
|                       (x_ct_vfdsu_double)                                                                          |                              ct_vfdsu_double |         12 |         12 |       0 |    0 |     0 |      0 |      0 |          0 |
|                       x_ct_vfdsu_prepare                                                                           |                             ct_vfdsu_prepare |       2005 |       2005 |       0 |    0 |    43 |      0 |      0 |          0 |
|                       x_ct_vfdsu_round                                                                             |                               ct_vfdsu_round |        733 |        733 |       0 |    0 |    96 |      0 |      0 |          0 |
|                       x_ct_vfdsu_srt                                                                               |                                 ct_vfdsu_srt |       2513 |       2513 |       0 |    0 |   335 |      0 |      0 |          0 |
|                         (x_ct_vfdsu_srt)                                                                           |                                 ct_vfdsu_srt |        233 |        233 |       0 |    0 |    85 |      0 |      0 |          0 |
|                         x_ct_vfdsu_srt_radix16_with_sqrt                                                           |               ct_vfdsu_srt_radix16_with_sqrt |       2280 |       2280 |       0 |    0 |   250 |      0 |      0 |          0 |
|                           (x_ct_vfdsu_srt_radix16_with_sqrt)                                                       |               ct_vfdsu_srt_radix16_with_sqrt |       2208 |       2208 |       0 |    0 |   250 |      0 |      0 |          0 |
|                           x_ct_vfdsu_srt_radix16_bound_table                                                       |             ct_vfdsu_srt_radix16_bound_table |         72 |         72 |       0 |    0 |     0 |      0 |      0 |          0 |
|                     x_ct_vfdsu_scalar_dp                                                                           |                           ct_vfdsu_scalar_dp |         11 |         11 |       0 |    0 |    15 |      0 |      0 |          0 |
|               i_arbiter                                                                                            |              rr_arb_tree__parameterized4_108 |          3 |          3 |       0 |    0 |     0 |      0 |      0 |          0 |
|             gen_operation_groups[2].i_opgroup_block                                                                |          fpnew_opgroup_block__parameterized1 |        426 |        426 |       0 |    0 |   221 |      0 |      0 |          0 |
|               gen_parallel_slices[0].active_format.i_fmt_slice                                                     |      fpnew_opgroup_fmt_slice__parameterized1 |        155 |        155 |       0 |    0 |    79 |      0 |      0 |          0 |
|                 gen_num_lanes[0].active_lane.lane_instance.i_noncomp                                               |                                fpnew_noncomp |        155 |        155 |       0 |    0 |    79 |      0 |      0 |          0 |
|               gen_parallel_slices[1].active_format.i_fmt_slice                                                     |      fpnew_opgroup_fmt_slice__parameterized2 |        271 |        271 |       0 |    0 |   141 |      0 |      0 |          0 |
|                 gen_num_lanes[0].active_lane.lane_instance.i_noncomp                                               |                fpnew_noncomp__parameterized0 |        271 |        271 |       0 |    0 |   141 |      0 |      0 |          0 |
|               i_arbiter                                                                                            |                  rr_arb_tree__parameterized4 |          0 |          0 |       0 |    0 |     1 |      0 |      0 |          0 |
|             gen_operation_groups[3].i_opgroup_block                                                                |          fpnew_opgroup_block__parameterized2 |       2179 |       2179 |       0 |    0 |   205 |      0 |      0 |          0 |
|               gen_merged_slice.i_multifmt_slice                                                                    | fpnew_opgroup_multifmt_slice__parameterized0 |       2179 |       2179 |       0 |    0 |   205 |      0 |      0 |          0 |
|                 gen_num_lanes[0].active_lane.lane_instance.i_fpnew_cast_multi                                      |                             fpnew_cast_multi |       2179 |       2179 |       0 |    0 |   205 |      0 |      0 |          0 |
|             i_arbiter                                                                                              |                  rr_arb_tree__parameterized5 |          8 |          8 |       0 |    0 |     2 |      0 |      0 |          0 |
|         i_mult                                                                                                     |                                         mult |        680 |        680 |       0 |    0 |   388 |      0 |      0 |         16 |
|           (i_mult)                                                                                                 |                                         mult |          0 |          0 |       0 |    0 |     1 |      0 |      0 |          0 |
|           i_div                                                                                                    |                                       serdiv |        313 |        313 |       0 |    0 |   209 |      0 |      0 |          0 |
|           i_multiplier                                                                                             |                                   multiplier |        367 |        367 |       0 |    0 |   178 |      0 |      0 |         16 |
|         lsu_i                                                                                                      |                              load_store_unit |       7851 |       7851 |       0 |    0 |  5265 |      0 |      0 |          0 |
|           gen_mmu.i_cva6_mmu                                                                                       |                                     cva6_mmu |       4607 |       4607 |       0 |    0 |  3526 |      0 |      0 |          0 |
|             (gen_mmu.i_cva6_mmu)                                                                                   |                                     cva6_mmu |        529 |        529 |       0 |    0 |   184 |      0 |      0 |          0 |
|             i_dtlb                                                                                                 |                                     cva6_tlb |       1319 |       1319 |       0 |    0 |  1551 |      0 |      0 |          0 |
|             i_itlb                                                                                                 |                                 cva6_tlb_106 |       1853 |       1853 |       0 |    0 |  1519 |      0 |      0 |          0 |
|             i_ptw                                                                                                  |                                     cva6_ptw |        860 |        860 |       0 |    0 |   204 |      0 |      0 |          0 |
|               (i_ptw)                                                                                              |                                     cva6_ptw |        422 |        422 |       0 |    0 |   204 |      0 |      0 |          0 |
|               i_pmp_ptw                                                                                            |                                      pmp_107 |        448 |        448 |       0 |    0 |     0 |      0 |      0 |          0 |
|             i_shared_tlb                                                                                           |                              cva6_shared_tlb |         46 |         46 |       0 |    0 |    68 |      0 |      0 |          0 |
|           i_load_unit                                                                                              |                                    load_unit |        141 |        141 |       0 |    0 |    36 |      0 |      0 |          0 |
|           i_pipe_reg_load                                                                                          |                                    shift_reg |        911 |        911 |       0 |    0 |   146 |      0 |      0 |          0 |
|           i_pmp_data_if                                                                                            |                                  pmp_data_if |        173 |        173 |       0 |    0 |     0 |      0 |      0 |          0 |
|             i_pmp_data                                                                                             |                                          pmp |         92 |         92 |       0 |    0 |     0 |      0 |      0 |          0 |
|             i_pmp_if                                                                                               |                                      pmp_105 |         81 |         81 |       0 |    0 |     0 |      0 |      0 |          0 |
|           i_store_unit                                                                                             |                                   store_unit |       1590 |       1590 |       0 |    0 |  1245 |      0 |      0 |          0 |
|             (i_store_unit)                                                                                         |                                   store_unit |       1015 |       1015 |       0 |    0 |    95 |      0 |      0 |          0 |
|             i_amo_buffer                                                                                           |                                   amo_buffer |         85 |         85 |       0 |    0 |   128 |      0 |      0 |          0 |
|               i_amo_fifo                                                                                           |                 cva6_fifo_v3__parameterized5 |         85 |         85 |       0 |    0 |   128 |      0 |      0 |          0 |
|             store_buffer_i                                                                                         |                                 store_buffer |        490 |        490 |       0 |    0 |  1022 |      0 |      0 |          0 |
|           lsu_bypass_i                                                                                             |                                   lsu_bypass |        506 |        506 |       0 |    0 |   312 |      0 |      0 |          0 |
|       gen_cache_wt.i_cache_subsystem                                                                               |                           wt_cache_subsystem |       6269 |       6269 |       0 |    0 |  2488 |     36 |      0 |          0 |
|         i_adapter                                                                                                  |                               wt_axi_adapter |        625 |        625 |       0 |    0 |   709 |      0 |      0 |          0 |
|           (i_adapter)                                                                                              |                               wt_axi_adapter |        240 |        240 |       0 |    0 |   277 |      0 |      0 |          0 |
|           i_axi_shim                                                                                               |                                     axi_shim |          5 |          5 |       0 |    0 |     2 |      0 |      0 |          0 |
|           i_b_fifo                                                                                                 |                 cva6_fifo_v3__parameterized2 |         30 |         30 |       0 |    0 |    15 |      0 |      0 |          0 |
|           i_dcache_data_fifo                                                                                       |                 cva6_fifo_v3__parameterized1 |        242 |        242 |       0 |    0 |   266 |      0 |      0 |          0 |
|           i_icache_data_fifo                                                                                       |                 cva6_fifo_v3__parameterized0 |         62 |         62 |       0 |    0 |   112 |      0 |      0 |          0 |
|           i_rd_dcache_id                                                                                           |                             cva6_fifo_v3_102 |         15 |         15 |       0 |    0 |    15 |      0 |      0 |          0 |
|           i_rd_icache_id                                                                                           |                             cva6_fifo_v3_103 |          6 |          6 |       0 |    0 |     3 |      0 |      0 |          0 |
|           i_rr_arb_tree                                                                                            |                  rr_arb_tree__parameterized3 |          7 |          7 |       0 |    0 |     4 |      0 |      0 |          0 |
|           i_wr_dcache_id                                                                                           |                             cva6_fifo_v3_104 |         18 |         18 |       0 |    0 |    15 |      0 |      0 |          0 |
|         i_cva6_icache                                                                                              |                                  cva6_icache |        383 |        383 |       0 |    0 |   136 |     12 |      0 |          0 |
|           (i_cva6_icache)                                                                                          |                                  cva6_icache |         95 |         95 |       0 |    0 |   128 |      0 |      0 |          0 |
|           gen_sram[0].data_sram                                                                                    |                   sram_cache__parameterized0 |         35 |         35 |       0 |    0 |     0 |      2 |      0 |          0 |
|             data_sram                                                                                              |                      sram__parameterized0_97 |         35 |         35 |       0 |    0 |     0 |      2 |      0 |          0 |
|               gen_cut[0].i_tc_sram_wrapper                                                                         |                           tc_sram_wrapper_98 |          0 |          0 |       0 |    0 |     0 |      1 |      0 |          0 |
|                 i_ram                                                                                              |                          SyncSpRamBeNx64_101 |          0 |          0 |       0 |    0 |     0 |      1 |      0 |          0 |
|               gen_cut[1].i_tc_sram_wrapper                                                                         |                           tc_sram_wrapper_99 |         35 |         35 |       0 |    0 |     0 |      1 |      0 |          0 |
|                 i_ram                                                                                              |                          SyncSpRamBeNx64_100 |         35 |         35 |       0 |    0 |     0 |      1 |      0 |          0 |
|           gen_sram[0].tag_sram                                                                                     |                                sram_cache_64 |         59 |         59 |       0 |    0 |     0 |      1 |      0 |          0 |
|             data_sram                                                                                              |                                      sram_94 |         59 |         59 |       0 |    0 |     0 |      1 |      0 |          0 |
|               gen_cut[0].i_tc_sram_wrapper                                                                         |                           tc_sram_wrapper_95 |         59 |         59 |       0 |    0 |     0 |      1 |      0 |          0 |
|                 i_ram                                                                                              |                           SyncSpRamBeNx64_96 |         59 |         59 |       0 |    0 |     0 |      1 |      0 |          0 |
|           gen_sram[1].data_sram                                                                                    |                sram_cache__parameterized0_65 |         34 |         34 |       0 |    0 |     0 |      2 |      0 |          0 |
|             data_sram                                                                                              |                      sram__parameterized0_89 |         34 |         34 |       0 |    0 |     0 |      2 |      0 |          0 |
|               gen_cut[0].i_tc_sram_wrapper                                                                         |                           tc_sram_wrapper_90 |          0 |          0 |       0 |    0 |     0 |      1 |      0 |          0 |
|                 i_ram                                                                                              |                           SyncSpRamBeNx64_93 |          0 |          0 |       0 |    0 |     0 |      1 |      0 |          0 |
|               gen_cut[1].i_tc_sram_wrapper                                                                         |                           tc_sram_wrapper_91 |         34 |         34 |       0 |    0 |     0 |      1 |      0 |          0 |
|                 i_ram                                                                                              |                           SyncSpRamBeNx64_92 |         34 |         34 |       0 |    0 |     0 |      1 |      0 |          0 |
|           gen_sram[1].tag_sram                                                                                     |                                sram_cache_66 |         17 |         17 |       0 |    0 |     0 |      1 |      0 |          0 |
|             data_sram                                                                                              |                                      sram_86 |         17 |         17 |       0 |    0 |     0 |      1 |      0 |          0 |
|               gen_cut[0].i_tc_sram_wrapper                                                                         |                           tc_sram_wrapper_87 |         17 |         17 |       0 |    0 |     0 |      1 |      0 |          0 |
|                 i_ram                                                                                              |                           SyncSpRamBeNx64_88 |         17 |         17 |       0 |    0 |     0 |      1 |      0 |          0 |
|           gen_sram[2].data_sram                                                                                    |                sram_cache__parameterized0_67 |         34 |         34 |       0 |    0 |     0 |      2 |      0 |          0 |
|             data_sram                                                                                              |                      sram__parameterized0_81 |         34 |         34 |       0 |    0 |     0 |      2 |      0 |          0 |
|               gen_cut[0].i_tc_sram_wrapper                                                                         |                           tc_sram_wrapper_82 |          0 |          0 |       0 |    0 |     0 |      1 |      0 |          0 |
|                 i_ram                                                                                              |                           SyncSpRamBeNx64_85 |          0 |          0 |       0 |    0 |     0 |      1 |      0 |          0 |
|               gen_cut[1].i_tc_sram_wrapper                                                                         |                           tc_sram_wrapper_83 |         34 |         34 |       0 |    0 |     0 |      1 |      0 |          0 |
|                 i_ram                                                                                              |                           SyncSpRamBeNx64_84 |         34 |         34 |       0 |    0 |     0 |      1 |      0 |          0 |
|           gen_sram[2].tag_sram                                                                                     |                                sram_cache_68 |         23 |         23 |       0 |    0 |     0 |      1 |      0 |          0 |
|             data_sram                                                                                              |                                      sram_78 |         23 |         23 |       0 |    0 |     0 |      1 |      0 |          0 |
|               gen_cut[0].i_tc_sram_wrapper                                                                         |                           tc_sram_wrapper_79 |         23 |         23 |       0 |    0 |     0 |      1 |      0 |          0 |
|                 i_ram                                                                                              |                           SyncSpRamBeNx64_80 |         23 |         23 |       0 |    0 |     0 |      1 |      0 |          0 |
|           gen_sram[3].data_sram                                                                                    |                sram_cache__parameterized0_69 |         36 |         36 |       0 |    0 |     0 |      2 |      0 |          0 |
|             data_sram                                                                                              |                         sram__parameterized0 |         36 |         36 |       0 |    0 |     0 |      2 |      0 |          0 |
|               gen_cut[0].i_tc_sram_wrapper                                                                         |                           tc_sram_wrapper_74 |          0 |          0 |       0 |    0 |     0 |      1 |      0 |          0 |
|                 i_ram                                                                                              |                           SyncSpRamBeNx64_77 |          0 |          0 |       0 |    0 |     0 |      1 |      0 |          0 |
|               gen_cut[1].i_tc_sram_wrapper                                                                         |                           tc_sram_wrapper_75 |         36 |         36 |       0 |    0 |     0 |      1 |      0 |          0 |
|                 i_ram                                                                                              |                           SyncSpRamBeNx64_76 |         36 |         36 |       0 |    0 |     0 |      1 |      0 |          0 |
|           gen_sram[3].tag_sram                                                                                     |                                sram_cache_70 |         43 |         43 |       0 |    0 |     0 |      1 |      0 |          0 |
|             data_sram                                                                                              |                                      sram_71 |         43 |         43 |       0 |    0 |     0 |      1 |      0 |          0 |
|               gen_cut[0].i_tc_sram_wrapper                                                                         |                           tc_sram_wrapper_72 |         43 |         43 |       0 |    0 |     0 |      1 |      0 |          0 |
|                 i_ram                                                                                              |                           SyncSpRamBeNx64_73 |         43 |         43 |       0 |    0 |     0 |      1 |      0 |          0 |
|           i_lfsr                                                                                                   |                                         lfsr |          7 |          7 |       0 |    0 |     8 |      0 |      0 |          0 |
|         i_wt_dcache                                                                                                |                                    wt_dcache |       5261 |       5261 |       0 |    0 |  1643 |     24 |      0 |          0 |
|           gen_rd_ports[0].i_wt_dcache_ctrl                                                                         |                               wt_dcache_ctrl |        122 |        122 |       0 |    0 |    67 |      0 |      0 |          0 |
|           gen_rd_ports[1].i_wt_dcache_ctrl                                                                         |                             wt_dcache_ctrl_1 |        140 |        140 |       0 |    0 |    72 |      0 |      0 |          0 |
|           i_wt_dcache_mem                                                                                          |                                wt_dcache_mem |        645 |        645 |       0 |    0 |    15 |     24 |      0 |          0 |
|             (i_wt_dcache_mem)                                                                                      |                                wt_dcache_mem |        188 |        188 |       0 |    0 |    13 |      0 |      0 |          0 |
|             gen_data_banks[0].i_data_sram                                                                          |                   sram_cache__parameterized1 |          0 |          0 |       0 |    0 |     0 |      8 |      0 |          0 |
|               data_sram                                                                                            |                      sram__parameterized1_47 |          0 |          0 |       0 |    0 |     0 |      8 |      0 |          0 |
|                 gen_cut[0].i_tc_sram_wrapper                                                                       |                           tc_sram_wrapper_48 |          0 |          0 |       0 |    0 |     0 |      1 |      0 |          0 |
|                   i_ram                                                                                            |                           SyncSpRamBeNx64_63 |          0 |          0 |       0 |    0 |     0 |      1 |      0 |          0 |
|                 gen_cut[1].i_tc_sram_wrapper                                                                       |                           tc_sram_wrapper_49 |          0 |          0 |       0 |    0 |     0 |      1 |      0 |          0 |
|                   i_ram                                                                                            |                           SyncSpRamBeNx64_62 |          0 |          0 |       0 |    0 |     0 |      1 |      0 |          0 |
|                 gen_cut[2].i_tc_sram_wrapper                                                                       |                           tc_sram_wrapper_50 |          0 |          0 |       0 |    0 |     0 |      1 |      0 |          0 |
|                   i_ram                                                                                            |                           SyncSpRamBeNx64_61 |          0 |          0 |       0 |    0 |     0 |      1 |      0 |          0 |
|                 gen_cut[3].i_tc_sram_wrapper                                                                       |                           tc_sram_wrapper_51 |          0 |          0 |       0 |    0 |     0 |      1 |      0 |          0 |
|                   i_ram                                                                                            |                           SyncSpRamBeNx64_60 |          0 |          0 |       0 |    0 |     0 |      1 |      0 |          0 |
|                 gen_cut[4].i_tc_sram_wrapper                                                                       |                           tc_sram_wrapper_52 |          0 |          0 |       0 |    0 |     0 |      1 |      0 |          0 |
|                   i_ram                                                                                            |                           SyncSpRamBeNx64_59 |          0 |          0 |       0 |    0 |     0 |      1 |      0 |          0 |
|                 gen_cut[5].i_tc_sram_wrapper                                                                       |                           tc_sram_wrapper_53 |          0 |          0 |       0 |    0 |     0 |      1 |      0 |          0 |
|                   i_ram                                                                                            |                           SyncSpRamBeNx64_58 |          0 |          0 |       0 |    0 |     0 |      1 |      0 |          0 |
|                 gen_cut[6].i_tc_sram_wrapper                                                                       |                           tc_sram_wrapper_54 |          0 |          0 |       0 |    0 |     0 |      1 |      0 |          0 |
|                   i_ram                                                                                            |                           SyncSpRamBeNx64_57 |          0 |          0 |       0 |    0 |     0 |      1 |      0 |          0 |
|                 gen_cut[7].i_tc_sram_wrapper                                                                       |                           tc_sram_wrapper_55 |          0 |          0 |       0 |    0 |     0 |      1 |      0 |          0 |
|                   i_ram                                                                                            |                           SyncSpRamBeNx64_56 |          0 |          0 |       0 |    0 |     0 |      1 |      0 |          0 |
|             gen_data_banks[1].i_data_sram                                                                          |                 sram_cache__parameterized1_2 |        320 |        320 |       0 |    0 |     0 |      8 |      0 |          0 |
|               data_sram                                                                                            |                         sram__parameterized1 |        320 |        320 |       0 |    0 |     0 |      8 |      0 |          0 |
|                 gen_cut[0].i_tc_sram_wrapper                                                                       |                           tc_sram_wrapper_31 |          0 |          0 |       0 |    0 |     0 |      1 |      0 |          0 |
|                   i_ram                                                                                            |                           SyncSpRamBeNx64_46 |          0 |          0 |       0 |    0 |     0 |      1 |      0 |          0 |
|                 gen_cut[1].i_tc_sram_wrapper                                                                       |                           tc_sram_wrapper_32 |         64 |         64 |       0 |    0 |     0 |      1 |      0 |          0 |
|                   i_ram                                                                                            |                           SyncSpRamBeNx64_45 |         64 |         64 |       0 |    0 |     0 |      1 |      0 |          0 |
|                 gen_cut[2].i_tc_sram_wrapper                                                                       |                           tc_sram_wrapper_33 |          0 |          0 |       0 |    0 |     0 |      1 |      0 |          0 |
|                   i_ram                                                                                            |                           SyncSpRamBeNx64_44 |          0 |          0 |       0 |    0 |     0 |      1 |      0 |          0 |
|                 gen_cut[3].i_tc_sram_wrapper                                                                       |                           tc_sram_wrapper_34 |         64 |         64 |       0 |    0 |     0 |      1 |      0 |          0 |
|                   i_ram                                                                                            |                           SyncSpRamBeNx64_43 |         64 |         64 |       0 |    0 |     0 |      1 |      0 |          0 |
|                 gen_cut[4].i_tc_sram_wrapper                                                                       |                           tc_sram_wrapper_35 |          0 |          0 |       0 |    0 |     0 |      1 |      0 |          0 |
|                   i_ram                                                                                            |                           SyncSpRamBeNx64_42 |          0 |          0 |       0 |    0 |     0 |      1 |      0 |          0 |
|                 gen_cut[5].i_tc_sram_wrapper                                                                       |                           tc_sram_wrapper_36 |         64 |         64 |       0 |    0 |     0 |      1 |      0 |          0 |
|                   i_ram                                                                                            |                           SyncSpRamBeNx64_41 |         64 |         64 |       0 |    0 |     0 |      1 |      0 |          0 |
|                 gen_cut[6].i_tc_sram_wrapper                                                                       |                           tc_sram_wrapper_37 |          0 |          0 |       0 |    0 |     0 |      1 |      0 |          0 |
|                   i_ram                                                                                            |                           SyncSpRamBeNx64_40 |          0 |          0 |       0 |    0 |     0 |      1 |      0 |          0 |
|                 gen_cut[7].i_tc_sram_wrapper                                                                       |                           tc_sram_wrapper_38 |        128 |        128 |       0 |    0 |     0 |      1 |      0 |          0 |
|                   i_ram                                                                                            |                           SyncSpRamBeNx64_39 |        128 |        128 |       0 |    0 |     0 |      1 |      0 |          0 |
|             gen_tag_srams[0].i_tag_sram                                                                            |                                   sram_cache |         16 |         16 |       0 |    0 |     0 |      1 |      0 |          0 |
|               data_sram                                                                                            |                                      sram_28 |         16 |         16 |       0 |    0 |     0 |      1 |      0 |          0 |
|                 gen_cut[0].i_tc_sram_wrapper                                                                       |                           tc_sram_wrapper_29 |         16 |         16 |       0 |    0 |     0 |      1 |      0 |          0 |
|                   i_ram                                                                                            |                           SyncSpRamBeNx64_30 |         16 |         16 |       0 |    0 |     0 |      1 |      0 |          0 |
|             gen_tag_srams[1].i_tag_sram                                                                            |                                 sram_cache_3 |         17 |         17 |       0 |    0 |     0 |      1 |      0 |          0 |
|               data_sram                                                                                            |                                      sram_25 |         17 |         17 |       0 |    0 |     0 |      1 |      0 |          0 |
|                 gen_cut[0].i_tc_sram_wrapper                                                                       |                           tc_sram_wrapper_26 |         17 |         17 |       0 |    0 |     0 |      1 |      0 |          0 |
|                   i_ram                                                                                            |                           SyncSpRamBeNx64_27 |         17 |         17 |       0 |    0 |     0 |      1 |      0 |          0 |
|             gen_tag_srams[2].i_tag_sram                                                                            |                                 sram_cache_4 |         17 |         17 |       0 |    0 |     0 |      1 |      0 |          0 |
|               data_sram                                                                                            |                                      sram_22 |         17 |         17 |       0 |    0 |     0 |      1 |      0 |          0 |
|                 gen_cut[0].i_tc_sram_wrapper                                                                       |                           tc_sram_wrapper_23 |         17 |         17 |       0 |    0 |     0 |      1 |      0 |          0 |
|                   i_ram                                                                                            |                           SyncSpRamBeNx64_24 |         17 |         17 |       0 |    0 |     0 |      1 |      0 |          0 |
|             gen_tag_srams[3].i_tag_sram                                                                            |                                 sram_cache_5 |         17 |         17 |       0 |    0 |     0 |      1 |      0 |          0 |
|               data_sram                                                                                            |                                      sram_19 |         17 |         17 |       0 |    0 |     0 |      1 |      0 |          0 |
|                 gen_cut[0].i_tc_sram_wrapper                                                                       |                           tc_sram_wrapper_20 |         17 |         17 |       0 |    0 |     0 |      1 |      0 |          0 |
|                   i_ram                                                                                            |                           SyncSpRamBeNx64_21 |         17 |         17 |       0 |    0 |     0 |      1 |      0 |          0 |
|             gen_tag_srams[4].i_tag_sram                                                                            |                                 sram_cache_6 |         17 |         17 |       0 |    0 |     0 |      1 |      0 |          0 |
|               data_sram                                                                                            |                                      sram_16 |         17 |         17 |       0 |    0 |     0 |      1 |      0 |          0 |
|                 gen_cut[0].i_tc_sram_wrapper                                                                       |                           tc_sram_wrapper_17 |         17 |         17 |       0 |    0 |     0 |      1 |      0 |          0 |
|                   i_ram                                                                                            |                           SyncSpRamBeNx64_18 |         17 |         17 |       0 |    0 |     0 |      1 |      0 |          0 |
|             gen_tag_srams[5].i_tag_sram                                                                            |                                 sram_cache_7 |         17 |         17 |       0 |    0 |     0 |      1 |      0 |          0 |
|               data_sram                                                                                            |                                      sram_13 |         17 |         17 |       0 |    0 |     0 |      1 |      0 |          0 |
|                 gen_cut[0].i_tc_sram_wrapper                                                                       |                           tc_sram_wrapper_14 |         17 |         17 |       0 |    0 |     0 |      1 |      0 |          0 |
|                   i_ram                                                                                            |                           SyncSpRamBeNx64_15 |         17 |         17 |       0 |    0 |     0 |      1 |      0 |          0 |
|             gen_tag_srams[6].i_tag_sram                                                                            |                                 sram_cache_8 |         17 |         17 |       0 |    0 |     0 |      1 |      0 |          0 |
|               data_sram                                                                                            |                                      sram_10 |         17 |         17 |       0 |    0 |     0 |      1 |      0 |          0 |
|                 gen_cut[0].i_tc_sram_wrapper                                                                       |                           tc_sram_wrapper_11 |         17 |         17 |       0 |    0 |     0 |      1 |      0 |          0 |
|                   i_ram                                                                                            |                           SyncSpRamBeNx64_12 |         17 |         17 |       0 |    0 |     0 |      1 |      0 |          0 |
|             gen_tag_srams[7].i_tag_sram                                                                            |                                 sram_cache_9 |         18 |         18 |       0 |    0 |     0 |      1 |      0 |          0 |
|               data_sram                                                                                            |                                         sram |         18 |         18 |       0 |    0 |     0 |      1 |      0 |          0 |
|                 gen_cut[0].i_tc_sram_wrapper                                                                       |                              tc_sram_wrapper |         18 |         18 |       0 |    0 |     0 |      1 |      0 |          0 |
|                   i_ram                                                                                            |                              SyncSpRamBeNx64 |         18 |         18 |       0 |    0 |     0 |      1 |      0 |          0 |
|             i_rr_arb_tree                                                                                          |                  rr_arb_tree__parameterized2 |          1 |          1 |       0 |    0 |     2 |      0 |      0 |          0 |
|           i_wt_dcache_missunit                                                                                     |                           wt_dcache_missunit |       1561 |       1561 |       0 |    0 |   138 |      0 |      0 |          0 |
|             (i_wt_dcache_missunit)                                                                                 |                           wt_dcache_missunit |       1390 |       1390 |       0 |    0 |    82 |      0 |      0 |          0 |
|             i_exp_backoff                                                                                          |                                  exp_backoff |         36 |         36 |       0 |    0 |    48 |      0 |      0 |          0 |
|             i_lfsr_inv                                                                                             |                         lfsr__parameterized0 |        135 |        135 |       0 |    0 |     8 |      0 |      0 |          0 |
|           i_wt_dcache_wbuffer                                                                                      |                            wt_dcache_wbuffer |       2793 |       2793 |       0 |    0 |  1351 |      0 |      0 |          0 |
|             (i_wt_dcache_wbuffer)                                                                                  |                            wt_dcache_wbuffer |       1115 |       1115 |       0 |    0 |  1314 |      0 |      0 |          0 |
|             i_clean_rr                                                                                             |                  rr_arb_tree__parameterized1 |        224 |        224 |       0 |    0 |     3 |      0 |      0 |          0 |
|             i_dirty_rr                                                                                             |                  rr_arb_tree__parameterized0 |        975 |        975 |       0 |    0 |    12 |      0 |      0 |          0 |
|             i_rtrn_id_fifo                                                                                         |                                 cva6_fifo_v3 |        461 |        461 |       0 |    0 |    15 |      0 |      0 |          0 |
|             i_tx_id_rr                                                                                             |                                  rr_arb_tree |         18 |         18 |       0 |    0 |     7 |      0 |      0 |          0 |
|       gen_perf_counter.perf_counters_i                                                                             |                                perf_counters |        177 |        177 |       0 |    0 |   414 |      0 |      0 |          0 |
|       i_frontend                                                                                                   |                                     frontend |       2776 |       2776 |       0 |    0 |  3943 |      0 |      0 |          0 |
|         (i_frontend)                                                                                               |                                     frontend |         37 |         37 |       0 |    0 |   243 |      0 |      0 |          0 |
|         bht_gen.i_bht                                                                                              |                                          bht |        240 |        240 |       0 |    0 |   384 |      0 |      0 |          0 |
|         btb_gen.i_btb                                                                                              |                                          btb |        584 |        584 |       0 |    0 |  2080 |      0 |      0 |          0 |
|         i_instr_queue                                                                                              |                                  instr_queue |        801 |        801 |       0 |    0 |  1022 |      0 |      0 |          0 |
|           (i_instr_queue)                                                                                          |                                  instr_queue |          2 |          2 |       0 |    0 |    68 |      0 |      0 |          0 |
|           gen_instr_fifo[0].i_fifo_instr_data                                                                      |                 cva6_fifo_v3__parameterized3 |        600 |        600 |       0 |    0 |   411 |      0 |      0 |          0 |
|           gen_instr_fifo[1].i_fifo_instr_data                                                                      |               cva6_fifo_v3__parameterized3_0 |        150 |        150 |       0 |    0 |   411 |      0 |      0 |          0 |
|           i_fifo_address                                                                                           |                 cva6_fifo_v3__parameterized4 |         49 |         49 |       0 |    0 |   132 |      0 |      0 |          0 |
|         i_instr_realign                                                                                            |                                instr_realign |       1081 |       1081 |       0 |    0 |    84 |      0 |      0 |          0 |
|         ras_gen.i_ras                                                                                              |                                          ras |         33 |         33 |       0 |    0 |   130 |      0 |      0 |          0 |
|       id_stage_i                                                                                                   |                                     id_stage |       2120 |       2120 |       0 |    0 |   340 |      0 |      0 |          0 |
|         (id_stage_i)                                                                                               |                                     id_stage |       1753 |       1753 |       0 |    0 |   340 |      0 |      0 |          0 |
|         genblk2[0].decoder_i                                                                                       |                                      decoder |        367 |        367 |       0 |    0 |     0 |      0 |      0 |          0 |
|       issue_stage_i                                                                                                |                                  issue_stage |      20889 |      20889 |       0 |    0 |  6719 |      0 |      0 |          0 |
|         i_issue_read_operands                                                                                      |                          issue_read_operands |      18733 |      18733 |       0 |    0 |  4432 |      0 |      0 |          0 |
|           (i_issue_read_operands)                                                                                  |                          issue_read_operands |      18733 |      18733 |       0 |    0 |   400 |      0 |      0 |          0 |
|           float_regfile_gen.gen_asic_fp_regfile.i_ariane_fp_regfile                                                |               ariane_regfile__parameterized0 |          0 |          0 |       0 |    0 |  2048 |      0 |      0 |          0 |
|           gen_asic_regfile.i_ariane_regfile                                                                        |                               ariane_regfile |          0 |          0 |       0 |    0 |  1984 |      0 |      0 |          0 |
|         i_scoreboard                                                                                               |                                   scoreboard |       2156 |       2156 |       0 |    0 |  2287 |      0 |      0 |          0 |
+--------------------------------------------------------------------------------------------------------------------+----------------------------------------------+------------+------------+---------+------+-------+--------+--------+------------+


